Component: ARM Compiler 5.05 update 1 (build 106) Tool: armlink [4d0efa]

==============================================================================

Section Cross References

    main.o(.text) refers to delay.o(.text) for delay_init
    main.o(.text) refers to misc.o(.text) for NVIC_PriorityGroupConfig
    main.o(.text) refers to usart.o(.text) for uart_init
    main.o(.text) refers to led.o(.text) for LED_Init
    main.o(.text) refers to key.o(.text) for KEY_Init
    main.o(.text) refers to lcd.o(.text) for LCD_Init
    main.o(.text) refers to w25qxx.o(.text) for W25QXX_Init
    main.o(.text) refers to vs10xx.o(.text) for VS_Init
    main.o(.text) refers to remote.o(.text) for Remote_Init
    main.o(.text) refers to malloc.o(.text) for my_mem_init
    main.o(.text) refers to sdio_sdcard.o(.text) for SD_Init
    main.o(.text) refers to exfuns.o(.text) for exfuns_init
    main.o(.text) refers to ff.o(.text) for f_mount
    main.o(.text) refers to fontupd.o(.text) for font_init
    main.o(.text) refers to text.o(.text) for Show_Str
    main.o(.text) refers to mp3player.o(.text) for mp3_play
    main.o(.text) refers to lcd.o(.data) for POINT_COLOR
    main.o(.text) refers to exfuns.o(.data) for fs
    system_stm32f10x.o(.text) refers to system_stm32f10x.o(.data) for SystemCoreClock
    led.o(.text) refers to stm32f10x_rcc.o(.text) for RCC_APB2PeriphClockCmd
    led.o(.text) refers to stm32f10x_gpio.o(.text) for GPIO_Init
    key.o(.text) refers to stm32f10x_rcc.o(.text) for RCC_APB2PeriphClockCmd
    key.o(.text) refers to stm32f10x_gpio.o(.text) for GPIO_Init
    key.o(.text) refers to delay.o(.text) for delay_ms
    key.o(.text) refers to key.o(.data) for key_up
    lcd.o(.text) refers to _printf_percent.o(.ARM.Collect$$_printf_percent$$00000000) for _printf_percent
    lcd.o(.text) refers to _printf_x.o(.ARM.Collect$$_printf_percent$$0000000C) for _printf_x
    lcd.o(.text) refers to _printf_hex_int.o(.text) for _printf_longlong_hex
    lcd.o(.text) refers to delay.o(.text) for delay_us
    lcd.o(.text) refers to lcd.o(.bss) for lcddev
    lcd.o(.text) refers to lcd.o(.data) for POINT_COLOR
    lcd.o(.text) refers to dflt_clz.o(x$fpl$dfltu) for __aeabi_ui2d
    lcd.o(.text) refers to dmul.o(x$fpl$dmul) for __aeabi_dmul
    lcd.o(.text) refers to dfixu.o(x$fpl$dfixu) for __aeabi_d2uiz
    lcd.o(.text) refers to stm32f10x_rcc.o(.text) for RCC_AHBPeriphClockCmd
    lcd.o(.text) refers to stm32f10x_gpio.o(.text) for GPIO_Init
    lcd.o(.text) refers to stm32f10x_fsmc.o(.text) for FSMC_NORSRAMInit
    lcd.o(.text) refers to noretval__2printf.o(.text) for __2printf
    lcd.o(.text) refers to lcd.o(.constdata) for asc2_1206
    w25qxx.o(.text) refers to _printf_percent.o(.ARM.Collect$$_printf_percent$$00000000) for _printf_percent
    w25qxx.o(.text) refers to _printf_x.o(.ARM.Collect$$_printf_percent$$0000000C) for _printf_x
    w25qxx.o(.text) refers to _printf_hex_int.o(.text) for _printf_longlong_hex
    w25qxx.o(.text) refers to spi.o(.text) for SPI2_ReadWriteByte
    w25qxx.o(.text) refers to stm32f10x_rcc.o(.text) for RCC_APB2PeriphClockCmd
    w25qxx.o(.text) refers to stm32f10x_gpio.o(.text) for GPIO_Init
    w25qxx.o(.text) refers to noretval__2printf.o(.text) for __2printf
    w25qxx.o(.text) refers to delay.o(.text) for delay_us
    w25qxx.o(.text) refers to w25qxx.o(.data) for W25QXX_TYPE
    w25qxx.o(.text) refers to w25qxx.o(.bss) for W25QXX_BUFFER
    sdio_sdcard.o(.text) refers to stm32f10x_sdio.o(.text) for SDIO_GetFlagStatus
    sdio_sdcard.o(.text) refers to sdio_sdcard.o(.data) for DeviceMode
    sdio_sdcard.o(.text) refers to sdio_sdcard.o(.bss) for SDIO_CmdInitStructure
    sdio_sdcard.o(.text) refers to stm32f10x_rcc.o(.text) for RCC_APB2PeriphClockCmd
    sdio_sdcard.o(.text) refers to stm32f10x_gpio.o(.text) for GPIO_Init
    sdio_sdcard.o(.text) refers to misc.o(.text) for NVIC_Init
    sdio_sdcard.o(.text) refers to stm32f10x_dma.o(.text) for DMA_DeInit
    sdio_sdcard.o(.text) refers to sys.o(.text) for INTX_DISABLE
    sdio_sdcard.o(.text) refers to rt_memcpy_v6.o(.text) for __aeabi_memcpy
    spi.o(.text) refers to stm32f10x_spi.o(.text) for SPI_I2S_GetFlagStatus
    spi.o(.text) refers to stm32f10x_rcc.o(.text) for RCC_APB2PeriphClockCmd
    spi.o(.text) refers to stm32f10x_gpio.o(.text) for GPIO_Init
    vs10xx.o(.text) refers to spi.o(.text) for SPI1_ReadWriteByte
    vs10xx.o(.text) refers to stm32f10x_rcc.o(.text) for RCC_APB2PeriphClockCmd
    vs10xx.o(.text) refers to stm32f10x_gpio.o(.text) for GPIO_Init
    vs10xx.o(.text) refers to delay.o(.text) for delay_ms
    vs10xx.o(.text) refers to w25qxx.o(.text) for W25QXX_Init
    vs10xx.o(.text) refers to malloc.o(.text) for mymalloc
    vs10xx.o(.text) refers to ff.o(.text) for f_open
    vs10xx.o(.text) refers to strcpy.o(.text) for strcpy
    vs10xx.o(.text) refers to strcat.o(.text) for strcat
    vs10xx.o(.text) refers to lcd.o(.text) for LCD_ShowString
    vs10xx.o(.text) refers to vs10xx.o(.constdata) for bitrate
[...]
    _printf_pre_padding                       - Undefined Weak Reference
    _printf_truncate_signed                   - Undefined Weak Reference
    _printf_truncate_unsigned                 - Undefined Weak Reference
    _signal_finish                            - Undefined Weak Reference
    _signal_init                              - Undefined Weak Reference
    _terminate_alloc                          - Undefined Weak Reference
    _terminate_user_alloc                     - Undefined Weak Reference
    _terminateio                              - Undefined Weak Reference
    __Vectors_Size                           0x00000130   Number         0  startup_stm32f10x_hd.o ABSOLUTE
    __Vectors                                0x08000000   Data           4  startup_stm32f10x_hd.o(RESET)
    __Vectors_End                            0x08000130   Data           0  startup_stm32f10x_hd.o(RESET)
    __main                                   0x08000131   Thumb Code     8  __main.o(!!!main)
    __scatterload                            0x08000139   Thumb Code     0  __scatter.o(!!!scatter)
    __scatterload_rt2                        0x08000139   Thumb Code    44  __scatter.o(!!!scatter)
    __scatterload_rt2_thumb_only             0x08000139   Thumb Code     0  __scatter.o(!!!scatter)
    __scatterload_null                       0x08000147   Thumb Code     0  __scatter.o(!!!scatter)
    __scatterload_copy                       0x0800016d   Thumb Code    26  __scatter_copy.o(!!handler_copy)
    __scatterload_zeroinit                   0x08000189   Thumb Code    28  __scatter_zi.o(!!handler_zi)
    _printf_percent                          0x080001a5   Thumb Code     0  _printf_percent.o(.ARM.Collect$$_printf_percent$$00000000)
    _printf_x                                0x080001a5   Thumb Code     0  _printf_x.o(.ARM.Collect$$_printf_percent$$0000000C)
    _printf_percent_end                      0x080001ab   Thumb Code     0  _printf_percent_end.o(.ARM.Collect$$_printf_percent$$00000017)
    __rt_lib_init                            0x080001af   Thumb Code     0  libinit.o(.ARM.Collect$$libinit$$00000000)
    __rt_lib_init_fp_1                       0x080001b1   Thumb Code     0  libinit2.o(.ARM.Collect$$libinit$$00000002)
    __rt_lib_init_heap_1                     0x080001b1   Thumb Code     0  libinit2.o(.ARM.Collect$$libinit$$0000000A)
    __rt_lib_init_preinit_1                  0x080001b1   Thumb Code     0  libinit2.o(.ARM.Collect$$libinit$$00000004)
    __rt_lib_init_rand_2                     0x080001b1   Thumb Code     0  libinit2.o(.ARM.Collect$$libinit$$0000000D)
    __rt_lib_init_user_alloc_1               0x080001b1   Thumb Code     0  libinit2.o(.ARM.Collect$$libinit$$0000000C)
    __rt_lib_init_alloca_1                   0x080001b5   Thumb Code     0  libinit2.o(.ARM.Collect$$libinit$$0000002E)
    __rt_lib_init_argv_1                     0x080001b5   Thumb Code     0  libinit2.o(.ARM.Collect$$libinit$$0000002C)
    __rt_lib_init_atexit_1                   0x080001b5   Thumb Code     0  libinit2.o(.ARM.Collect$$libinit$$0000001B)
    __rt_lib_init_clock_1                    0x080001b5   Thumb Code     0  libinit2.o(.ARM.Collect$$libinit$$00000021)
    __rt_lib_init_cpp_1                      0x080001b5   Thumb Code     0  libinit2.o(.ARM.Collect$$libinit$$00000032)
    __rt_lib_init_exceptions_1               0x080001b5   Thumb Code     0  libinit2.o(.ARM.Collect$$libinit$$00000030)
    __rt_lib_init_fp_trap_1                  0x080001b5   Thumb Code     0  libinit2.o(.ARM.Collect$$libinit$$0000001F)
    __rt_lib_init_getenv_1                   0x080001b5   Thumb Code     0  libinit2.o(.ARM.Collect$$libinit$$00000023)
    __rt_lib_init_lc_collate_1               0x080001b5   Thumb Code     0  libinit2.o(.ARM.Collect$$libinit$$00000011)
    __rt_lib_init_lc_ctype_1                 0x080001b5   Thumb Code     0  libinit2.o(.ARM.Collect$$libinit$$00000013)
    __rt_lib_init_lc_monetary_1              0x080001b5   Thumb Code     0  libinit2.o(.ARM.Collect$$libinit$$00000015)
    __rt_lib_init_lc_numeric_1               0x080001b5   Thumb Code     0  libinit2.o(.ARM.Collect$$libinit$$00000017)
    __rt_lib_init_lc_time_1                  0x080001b5   Thumb Code     0  libinit2.o(.ARM.Collect$$libinit$$00000019)
    __rt_lib_init_rand_1                     0x080001b5   Thumb Code     0  libinit2.o(.ARM.Collect$$libinit$$0000000E)
    __rt_lib_init_return                     0x080001b5   Thumb Code     0  libinit2.o(.ARM.Collect$$libinit$$00000033)
    __rt_lib_init_signal_1                   0x080001b5   Thumb Code     0  libinit2.o(.ARM.Collect$$libinit$$0000001D)
    __rt_lib_init_stdio_1                    0x080001b5   Thumb Code     0  libinit2.o(.ARM.Collect$$libinit$$00000025)
    __rt_lib_shutdown                        0x080001b7   Thumb Code     0  libshutdown.o(.ARM.Collect$$libshutdown$$00000000)
    __rt_lib_shutdown_fp_trap_1              0x080001b9   Thumb Code     0  libshutdown2.o(.ARM.Collect$$libshutdown$$00000006)
    __rt_lib_shutdown_heap_1                 0x080001b9   Thumb Code     0  libshutdown2.o(.ARM.Collect$$libshutdown$$0000000E)
    __rt_lib_shutdown_return                 0x080001b9   Thumb Code     0  libshutdown2.o(.ARM.Collect$$libshutdown$$0000000F)
    __rt_lib_shutdown_signal_1               0x080001b9   Thumb Code     0  libshutdown2.o(.ARM.Collect$$libshutdown$$00000009)
    __rt_lib_shutdown_stdio_1                0x080001b9   Thumb Code     0  libshutdown2.o(.ARM.Collect$$libshutdown$$00000003)
    __rt_lib_shutdown_user_alloc_1           0x080001b9   Thumb Code     0  libshutdown2.o(.ARM.Collect$$libshutdown$$0000000B)
    __rt_entry                               0x080001bb   Thumb Code     0  __rtentry.o(.ARM.Collect$$rtentry$$00000000)
    __rt_entry_presh_1                       0x080001bb   Thumb Code     0  __rtentry2.o(.ARM.Collect$$rtentry$$00000002)
    __rt_entry_sh                            0x080001bb   Thumb Code     0  __rtentry4.o(.ARM.Collect$$rtentry$$00000004)
    __rt_entry_li                            0x080001c1   Thumb Code     0  __rtentry2.o(.ARM.Collect$$rtentry$$0000000A)
    __rt_entry_postsh_1                      0x080001c1   Thumb Code     0  __rtentry2.o(.ARM.Collect$$rtentry$$00000009)
    __rt_entry_main                          0x080001c5   Thumb Code     0  __rtentry2.o(.ARM.Collect$$rtentry$$0000000D)
    __rt_entry_postli_1                      0x080001c5   Thumb Code     0  __rtentry2.o(.ARM.Collect$$rtentry$$0000000C)
    __rt_exit                                0x080001cd   Thumb Code     0  rtexit.o(.ARM.Collect$$rtexit$$00000000)
    __rt_exit_ls                             0x080001cf   Thumb Code     0  rtexit2.o(.ARM.Collect$$rtexit$$00000003)
    __rt_exit_prels_1                        0x080001cf   Thumb Code     0  rtexit2.o(.ARM.Collect$$rtexit$$00000002)
    __rt_exit_exit                           0x080001d3   Thumb Code     0  rtexit2.o(.ARM.Collect$$rtexit$$00000004)
    rand                                     0x080001d9   Thumb Code    48  rand.o(.emb_text)
    main                                     0x0800020d   Thumb Code   438  main.o(.text)
    NMI_Handler                              0x0800048d   Thumb Code     2  stm32f10x_it.o(.text)
    HardFault_Handler                        0x0800048f   Thumb Code     4  stm32f10x_it.o(.text)
    MemManage_Handler                        0x08000493   Thumb Code     4  stm32f10x_it.o(.text)
    BusFault_Handler                         0x08000497   Thumb Code     4  stm32f10x_it.o(.text)
    UsageFault_Handler                       0x0800049b   Thumb Code     4  stm32f10x_it.o(.text)
    SVC_Handler                              0x0800049f   Thumb Code     2  stm32f10x_it.o(.text)
    DebugMon_Handler                         0x080004a1   Thumb Code     2  stm32f10x_it.o(.text)
    PendSV_Handler                           0x080004a3   Thumb Code     2  stm32f10x_it.o(.text)
    SysTick_Handler                          0x080004a5   Thumb Code     2  stm32f10x_it.o(.text)
    SystemInit                               0x08000587   Thumb Code    78  system_stm32f10x.o(.text)
    SystemCoreClockUpdate                    0x080005d5   Thumb Code   142  system_stm32f10x.o(.text)
    LED_Init                                 0x08000689   Thumb Code    68  led.o(.text)
    KEY_Init                                 0x080006d5   Thumb Code    52  key.o(.text)
    KEY_Scan                                 0x08000709   Thumb Code   188  key.o(.text)
    LCD_WR_REG                               0x080007d1   Thumb Code     6  lcd.o(.text)
    LCD_WR_DATA                              0x080007d7   Thumb Code     8  lcd.o(.text)
    LCD_RD_DATA                              0x080007df   Thumb Code    16  lcd.o(.text)
    LCD_WriteReg                             0x080007ef   Thumb Code    10  lcd.o(.text)
    LCD_ReadReg                              0x080007f9   Thumb Code    22  lcd.o(.text)
    LCD_WriteRAM_Prepare                     0x0800080f   Thumb Code    10  lcd.o(.text)
    LCD_WriteRAM                             0x08000819   Thumb Code     8  lcd.o(.text)
    LCD_BGR2RGB                              0x08000821   Thumb Code    26  lcd.o(.text)
    opt_delay                                0x0800083b   Thumb Code    14  lcd.o(.text)
    LCD_SetCursor                            0x08000849   Thumb Code   418  lcd.o(.text)
    LCD_ReadPoint                            0x080009eb   Thumb Code   360  lcd.o(.text)
    LCD_DisplayOn                            0x08000b53   Thumb Code   102  lcd.o(.text)
    LCD_DisplayOff                           0x08000bb9   Thumb Code    90  lcd.o(.text)
    LCD_Scan_Dir                             0x08000c13   Thumb Code   744  lcd.o(.text)
    LCD_DrawPoint                            0x08000efb   Thumb Code    28  lcd.o(.text)
    LCD_Fast_DrawPoint                       0x08000f17   Thumb Code   384  lcd.o(.text)
    LCD_SSD_BackLightSet                     0x08001097   Thumb Code    80  lcd.o(.text)
    LCD_Display_Dir                          0x080010e7   Thumb Code   444  lcd.o(.text)
    LCD_Set_Window                           0x080012a3   Thumb Code   540  lcd.o(.text)
    LCD_Clear                                0x080014bf   Thumb Code   100  lcd.o(.text)
    LCD_Init                                 0x08001523   Thumb Code 14190  lcd.o(.text)
    LCD_Fill                                 0x08004c91   Thumb Code   178  lcd.o(.text)
    LCD_Color_Fill                           0x08004d43   Thumb Code   106  lcd.o(.text)
    LCD_DrawLine                             0x08004dad   Thumb Code   176  lcd.o(.text)
    LCD_DrawRectangle                        0x08004e5d   Thumb Code    60  lcd.o(.text)
    LCD_Draw_Circle                          0x08004e99   Thumb Code   152  lcd.o(.text)
    LCD_ShowChar                             0x08004f31   Thumb Code   272  lcd.o(.text)
    LCD_Pow                                  0x08005041   Thumb Code    22  lcd.o(.text)
    LCD_ShowNum                              0x08005057   Thumb Code   148  lcd.o(.text)
    LCD_ShowxNum                             0x080050eb   Thumb Code   220  lcd.o(.text)
    LCD_ShowString                           0x080051c7   Thumb Code   102  lcd.o(.text)
    W25QXX_ReadID                            0x0800522d   Thumb Code    64  w25qxx.o(.text)
    W25QXX_Init                              0x0800526d   Thumb Code    74  w25qxx.o(.text)
    W25QXX_ReadSR                            0x080052b7   Thumb Code    36  w25qxx.o(.text)
    W25QXX_Write_SR                          0x080052db   Thumb Code    32  w25qxx.o(.text)
    W25QXX_Write_Enable                      0x080052fb   Thumb Code    24  w25qxx.o(.text)
    W25QXX_Write_Disable                     0x08005313   Thumb Code    24  w25qxx.o(.text)
    W25QXX_Read                              0x0800532b   Thumb Code    74  w25qxx.o(.text)
    W25QXX_Wait_Busy                         0x08005375   Thumb Code    18  w25qxx.o(.text)
    W25QXX_Write_Page                        0x08005387   Thumb Code    80  w25qxx.o(.text)
    W25QXX_Write_NoCheck                     0x080053d7   Thumb Code    70  w25qxx.o(.text)
    W25QXX_Erase_Sector                      0x0800541d   Thumb Code    70  w25qxx.o(.text)
    W25QXX_Write                             0x08005463   Thumb Code   180  w25qxx.o(.text)
    W25QXX_Erase_Chip                        0x08005517   Thumb Code    36  w25qxx.o(.text)
    W25QXX_PowerDown                         0x0800553b   Thumb Code    30  w25qxx.o(.text)
    W25QXX_WAKEUP                            0x08005559   Thumb Code    30  w25qxx.o(.text)
    SD_SetDeviceMode                         0x08005595   Thumb Code    20  sdio_sdcard.o(.text)
    SDIO_Clock_Set                           0x080055a9   Thumb Code    16  sdio_sdcard.o(.text)
    CmdResp1Error                            0x080055b9   Thumb Code    90  sdio_sdcard.o(.text)
    FindSCR                                  0x08005613   Thumb Code   386  sdio_sdcard.o(.text)
    SDEnWideBus                              0x08005795   Thumb Code   158  sdio_sdcard.o(.text)
    SD_EnableWideBusOperation                0x08005833   Thumb Code    94  sdio_sdcard.o(.text)
    SD_SelectDeselect                        0x08005891   Thumb Code    42  sdio_sdcard.o(.text)
    SD_GetCardInfo                           0x080058bb   Thumb Code   802  sdio_sdcard.o(.text)
    CmdResp2Error                            0x08005bdd   Thumb Code    80  sdio_sdcard.o(.text)
    CmdResp6Error                            0x08005c2d   Thumb Code   140  sdio_sdcard.o(.text)
    SD_InitializeCards                       0x08005cb9   Thumb Code   336  sdio_sdcard.o(.text)
    CmdResp3Error                            0x08005e09   Thumb Code    50  sdio_sdcard.o(.text)
    CmdResp7Error                            0x08005e3b   Thumb Code    70  sdio_sdcard.o(.text)
    CmdError                                 0x08005e81   Thumb Code    48  sdio_sdcard.o(.text)
    SD_PowerON                               0x08005eb1   Thumb Code   450  sdio_sdcard.o(.text)
    SD_Init                                  0x08006073   Thumb Code   238  sdio_sdcard.o(.text)
    SD_PowerOFF                              0x08006161   Thumb Code    12  sdio_sdcard.o(.text)
    SD_DMA_Config                            0x0800616d   Thumb Code   146  sdio_sdcard.o(.text)
    convert_from_bytes_to_power_of_two       0x080061ff   Thumb Code    18  sdio_sdcard.o(.text)
    SD_ReadBlock                             0x08006211   Thumb Code   560  sdio_sdcard.o(.text)
    SD_ReadMultiBlocks                       0x08006441   Thumb Code   742  sdio_sdcard.o(.text)
    IsCardProgramming                        0x08006727   Thumb Code   142  sdio_sdcard.o(.text)
    SD_WriteBlock                            0x080067b5   Thumb Code   888  sdio_sdcard.o(.text)
    SD_WriteMultiBlocks                      0x08006b2d   Thumb Code   962  sdio_sdcard.o(.text)
    SD_ProcessIRQSrc                         0x08006eef   Thumb Code   294  sdio_sdcard.o(.text)
    SDIO_IRQHandler                          0x08007015   Thumb Code     8  sdio_sdcard.o(.text)
    SD_SendStatus                            0x0800701d   Thumb Code    72  sdio_sdcard.o(.text)
    SD_GetState                              0x08007065   Thumb Code    26  sdio_sdcard.o(.text)
    SD_ReadDisk                              0x0800707f   Thumb Code   148  sdio_sdcard.o(.text)
    SD_WriteDisk                             0x08007113   Thumb Code   148  sdio_sdcard.o(.text)
    SPI2_ReadWriteByte                       0x080071c5   Thumb Code    78  spi.o(.text)
    SPI2_Init                                0x08007213   Thumb Code   140  spi.o(.text)
    SPI2_SetSpeed                            0x0800729f   Thumb Code    36  spi.o(.text)
    SPI1_ReadWriteByte                       0x080072c3   Thumb Code    78  spi.o(.text)
    SPI1_Init                                0x08007311   Thumb Code   130  spi.o(.text)
    SPI1_SetSpeed                            0x08007393   Thumb Code    36  spi.o(.text)
    VS_SPI_ReadWriteByte                     0x080073c9   Thumb Code    12  vs10xx.o(.text)
    VS_SPI_SpeedLow                          0x080073d5   Thumb Code    10  vs10xx.o(.text)
    VS_SPI_SpeedHigh                         0x080073df   Thumb Code    10  vs10xx.o(.text)
    VS_Init                                  0x080073e9   Thumb Code    84  vs10xx.o(.text)
    VS_WR_Cmd                                0x0800743d   Thumb Code    72  vs10xx.o(.text)
    VS_RD_Reg                                0x08007485   Thumb Code    88  vs10xx.o(.text)
    VS_Soft_Reset                            0x080074dd   Thumb Code   124  vs10xx.o(.text)
    VS_HD_Reset                              0x08007559   Thumb Code    76  vs10xx.o(.text)
    VS_Sine_Test                             0x080075a5   Thumb Code   306  vs10xx.o(.text)
    VS_Ram_Test                              0x080076d7   Thumb Code   106  vs10xx.o(.text)
    VS_WR_Data                               0x08007741   Thumb Code    30  vs10xx.o(.text)
    VS_WRAM_Read                             0x0800775f   Thumb Code    24  vs10xx.o(.text)
    VS_WRAM_Write                            0x08007777   Thumb Code    34  vs10xx.o(.text)
    VS_Set_Speed                             0x08007799   Thumb Code    16  vs10xx.o(.text)
    VS_Get_HeadInfo                          0x080077a9   Thumb Code   200  vs10xx.o(.text)
    VS_Get_ByteRate                          0x08007871   Thumb Code    12  vs10xx.o(.text)
    VS_Get_EndFillByte                       0x0800787d   Thumb Code    12  vs10xx.o(.text)
    VS_Send_MusicData                        0x08007889   Thumb Code    50  vs10xx.o(.text)
    VS_Restart_Play                          0x080078bb   Thumb Code   182  vs10xx.o(.text)
    VS_Reset_DecodeTime                      0x08007971   Thumb Code    20  vs10xx.o(.text)
    VS_Get_DecodeTime                        0x08007985   Thumb Code    16  vs10xx.o(.text)
    VS_Set_Vol                               0x08007995   Thumb Code    38  vs10xx.o(.text)
    VS_Set_Bass                              0x080079bb   Thumb Code   102  vs10xx.o(.text)
    VS_Set_Effect                            0x08007a21   Thumb Code    54  vs10xx.o(.text)
    VS_SPK_Set                               0x08007a57   Thumb Code    26  vs10xx.o(.text)
    VS_Set_All                               0x08007a71   Thumb Code    42  vs10xx.o(.text)
    flac_init                                0x08007a9b   Thumb Code    94  vs10xx.o(.text)
    updata_flacx                             0x08007af9   Thumb Code   170  vs10xx.o(.text)
    update_flac                              0x08007ba3   Thumb Code   416  vs10xx.o(.text)
    VS_Load_PatchX                           0x08007d43   Thumb Code   198  vs10xx.o(.text)
    Remote_Init                              0x08007e29   Thumb Code   180  remote.o(.text)
    TIM4_IRQHandler                          0x08007edd   Thumb Code   384  remote.o(.text)
    Remote_Scan                              0x0800805d   Thumb Code    92  remote.o(.text)
    delay_init                               0x080080d5   Thumb Code    50  delay.o(.text)
    delay_us                                 0x08008107   Thumb Code    72  delay.o(.text)
    delay_ms                                 0x0800814f   Thumb Code    72  delay.o(.text)
    WFI_SET                                  0x080081a9   Thumb Code     4  sys.o(.text)
    INTX_DISABLE                             0x080081ad   Thumb Code     4  sys.o(.text)
    INTX_ENABLE                              0x080081b1   Thumb Code     4  sys.o(.text)
    _sys_exit                                0x080081b5   Thumb Code     6  usart.o(.text)
    fputc                                    0x080081bb   Thumb Code    24  usart.o(.text)
    uart_init                                0x080081d3   Thumb Code   152  usart.o(.text)
    USART1_IRQHandler                        0x0800826b   Thumb Code   122  usart.o(.text)
    Reset_Handler                            0x080082f5   Thumb Code     8  startup_stm32f10x_hd.o(.text)
    ADC1_2_IRQHandler                        0x0800830f   Thumb Code     0  startup_stm32f10x_hd.o(.text)
    ADC3_IRQHandler                          0x0800830f   Thumb Code     0  startup_stm32f10x_hd.o(.text)
    CAN1_RX1_IRQHandler                      0x0800830f   Thumb Code     0  startup_stm32f10x_hd.o(.text)
    CAN1_SCE_IRQHandler                      0x0800830f   Thumb Code     0  startup_stm32f10x_hd.o(.text)
    DMA1_Channel1_IRQHandler                 0x0800830f   Thumb Code     0  startup_stm32f10x_hd.o(.text)
    DMA1_Channel2_IRQHandler                 0x0800830f   Thumb Code     0  startup_stm32f10x_hd.o(.text)
    DMA1_Channel3_IRQHandler                 0x0800830f   Thumb Code     0  startup_stm32f10x_hd.o(.text)
    DMA1_Channel4_IRQHandler                 0x0800830f   Thumb Code     0  startup_stm32f10x_hd.o(.text)
    DMA1_Channel5_IRQHandler                 0x0800830f   Thumb Code     0  startup_stm32f10x_hd.o(.text)
    DMA1_Channel6_IRQHandler                 0x0800830f   Thumb Code     0  startup_stm32f10x_hd.o(.text)
    DMA1_Channel7_IRQHandler                 0x0800830f   Thumb Code     0  startup_stm32f10x_hd.o(.text)
    DMA2_Channel1_IRQHandler                 0x0800830f   Thumb Code     0  startup_stm32f10x_hd.o(.text)
    DMA2_Channel2_IRQHandler                 0x0800830f   Thumb Code     0  startup_stm32f10x_hd.o(.text)
    DMA2_Channel3_IRQHandler                 0x0800830f   Thumb Code     0  startup_stm32f10x_hd.o(.text)
    DMA2_Channel4_5_IRQHandler               0x0800830f   Thumb Code     0  startup_stm32f10x_hd.o(.text)
    EXTI0_IRQHandler                         0x0800830f   Thumb Code     0  startup_stm32f10x_hd.o(.text)
    EXTI15_10_IRQHandler                     0x0800830f   Thumb Code     0  startup_stm32f10x_hd.o(.text)
    EXTI1_IRQHandler                         0x0800830f   Thumb Code     0  startup_stm32f10x_hd.o(.text)
    EXTI2_IRQHandler                         0x0800830f   Thumb Code     0  startup_stm32f10x_hd.o(.text)
    EXTI3_IRQHandler                         0x0800830f   Thumb Code     0  startup_stm32f10x_hd.o(.text)
    EXTI4_IRQHandler                         0x0800830f   Thumb Code     0  startup_stm32f10x_hd.o(.text)
    EXTI9_5_IRQHandler                       0x0800830f   Thumb Code     0  startup_stm32f10x_hd.o(.text)
    FLASH_IRQHandler                         0x0800830f   Thumb Code     0  startup_stm32f10x_hd.o(.text)
    FSMC_IRQHandler                          0x0800830f   Thumb Code     0  startup_stm32f10x_hd.o(.text)
    I2C1_ER_IRQHandler                       0x0800830f   Thumb Code     0  startup_stm32f10x_hd.o(.text)
    I2C1_EV_IRQHandler                       0x0800830f   Thumb Code     0  startup_stm32f10x_hd.o(.text)
    I2C2_ER_IRQHandler                       0x0800830f   Thumb Code     0  startup_stm32f10x_hd.o(.text)
    I2C2_EV_IRQHandler                       0x0800830f   Thumb Code     0  startup_stm32f10x_hd.o(.text)
    PVD_IRQHandler                           0x0800830f   Thumb Code     0  startup_stm32f10x_hd.o(.text)
    RCC_IRQHandler                           0x0800830f   Thumb Code     0  startup_stm32f10x_hd.o(.text)
    RTCAlarm_IRQHandler                      0x0800830f   Thumb Code     0  startup_stm32f10x_hd.o(.text)
    RTC_IRQHandler                           0x0800830f   Thumb Code     0  startup_stm32f10x_hd.o(.text)
    SPI1_IRQHandler                          0x0800830f   Thumb Code     0  startup_stm32f10x_hd.o(.text)
    SPI2_IRQHandler                          0x0800830f   Thumb Code     0  startup_stm32f10x_hd.o(.text)
    SPI3_IRQHandler                          0x0800830f   Thumb Code     0  startup_stm32f10x_hd.o(.text)
    TAMPER_IRQHandler                        0x0800830f   Thumb Code     0  startup_stm32f10x_hd.o(.text)
    TIM1_BRK_IRQHandler                      0x0800830f   Thumb Code     0  startup_stm32f10x_hd.o(.text)
    TIM1_CC_IRQHandler                       0x0800830f   Thumb Code     0  startup_stm32f10x_hd.o(.text)
    TIM1_TRG_COM_IRQHandler                  0x0800830f   Thumb Code     0  startup_stm32f10x_hd.o(.text)
    TIM1_UP_IRQHandler                       0x0800830f   Thumb Code     0  startup_stm32f10x_hd.o(.text)
    TIM2_IRQHandler                          0x0800830f   Thumb Code     0  startup_stm32f10x_hd.o(.text)
    TIM3_IRQHandler                          0x0800830f   Thumb Code     0  startup_stm32f10x_hd.o(.text)
    TIM5_IRQHandler                          0x0800830f   Thumb Code     0  startup_stm32f10x_hd.o(.text)
    TIM6_IRQHandler                          0x0800830f   Thumb Code     0  startup_stm32f10x_hd.o(.text)
    TIM7_IRQHandler                          0x0800830f   Thumb Code     0  startup_stm32f10x_hd.o(.text)
    TIM8_BRK_IRQHandler                      0x0800830f   Thumb Code     0  startup_stm32f10x_hd.o(.text)
    TIM8_CC_IRQHandler                       0x0800830f   Thumb Code     0  startup_stm32f10x_hd.o(.text)
    TIM8_TRG_COM_IRQHandler                  0x0800830f   Thumb Code     0  startup_stm32f10x_hd.o(.text)
    TIM8_UP_IRQHandler                       0x0800830f   Thumb Code     0  startup_stm32f10x_hd.o(.text)
    UART4_IRQHandler                         0x0800830f   Thumb Code     0  startup_stm32f10x_hd.o(.text)
    UART5_IRQHandler                         0x0800830f   Thumb Code     0  startup_stm32f10x_hd.o(.text)
    USART2_IRQHandler                        0x0800830f   Thumb Code     0  startup_stm32f10x_hd.o(.text)
    USART3_IRQHandler                        0x0800830f   Thumb Code     0  startup_stm32f10x_hd.o(.text)
    USBWakeUp_IRQHandler                     0x0800830f   Thumb Code     0  startup_stm32f10x_hd.o(.text)
    USB_HP_CAN1_TX_IRQHandler                0x0800830f   Thumb Code     0  startup_stm32f10x_hd.o(.text)
    USB_LP_CAN1_RX0_IRQHandler               0x0800830f   Thumb Code     0  startup_stm32f10x_hd.o(.text)
    WWDG_IRQHandler                          0x0800830f   Thumb Code     0  startup_stm32f10x_hd.o(.text)
    __user_initial_stackheap                 0x08008311   Thumb Code     0  startup_stm32f10x_hd.o(.text)
    NVIC_PriorityGroupConfig                 0x08008335   Thumb Code    10  misc.o(.text)
    NVIC_Init                                0x0800833f   Thumb Code   100  misc.o(.text)
    NVIC_SetVectorTable                      0x080083a3   Thumb Code    14  misc.o(.text)
    NVIC_SystemLPConfig                      0x080083b1   Thumb Code    34  misc.o(.text)
    SysTick_CLKSourceConfig                  0x080083d3   Thumb Code    40  misc.o(.text)
    FSMC_NORSRAMDeInit                       0x08008411   Thumb Code    54  stm32f10x_fsmc.o(.text)
    FSMC_NANDDeInit                          0x08008447   Thumb Code    62  stm32f10x_fsmc.o(.text)
    FSMC_PCCARDDeInit                        0x08008485   Thumb Code    36  stm32f10x_fsmc.o(.text)
    FSMC_NORSRAMInit                         0x080084a9   Thumb Code   230  stm32f10x_fsmc.o(.text)
    FSMC_NANDInit                            0x0800858f   Thumb Code   132  stm32f10x_fsmc.o(.text)
    FSMC_PCCARDInit                          0x08008613   Thumb Code   130  stm32f10x_fsmc.o(.text)
    FSMC_NORSRAMStructInit                   0x08008695   Thumb Code   114  stm32f10x_fsmc.o(.text)
    FSMC_NANDStructInit                      0x08008707   Thumb Code    54  stm32f10x_fsmc.o(.text)
    FSMC_PCCARDStructInit                    0x0800873d   Thumb Code    60  stm32f10x_fsmc.o(.text)
    FSMC_NORSRAMCmd                          0x08008779   Thumb Code    46  stm32f10x_fsmc.o(.text)
    FSMC_NANDCmd                             0x080087a7   Thumb Code    86  stm32f10x_fsmc.o(.text)
    FSMC_PCCARDCmd                           0x080087fd   Thumb Code    44  stm32f10x_fsmc.o(.text)
    FSMC_NANDECCCmd                          0x08008829   Thumb Code    90  stm32f10x_fsmc.o(.text)
    FSMC_GetECC                              0x08008883   Thumb Code    24  stm32f10x_fsmc.o(.text)
    FSMC_ITConfig                            0x0800889b   Thumb Code   128  stm32f10x_fsmc.o(.text)
    FSMC_GetFlagStatus                       0x0800891b   Thumb Code    54  stm32f10x_fsmc.o(.text)
    FSMC_ClearFlag                           0x08008951   Thumb Code    62  stm32f10x_fsmc.o(.text)
    FSMC_GetITStatus                         0x0800898f   Thumb Code    64  stm32f10x_fsmc.o(.text)
    FSMC_ClearITPendingBit                   0x080089cf   Thumb Code    68  stm32f10x_fsmc.o(.text)
    GPIO_DeInit                              0x08008a1d   Thumb Code   172  stm32f10x_gpio.o(.text)
    GPIO_AFIODeInit                          0x08008ac9   Thumb Code    20  stm32f10x_gpio.o(.text)
    GPIO_Init                                0x08008add   Thumb Code   278  stm32f10x_gpio.o(.text)
    GPIO_StructInit                          0x08008bf3   Thumb Code    16  stm32f10x_gpio.o(.text)
    GPIO_ReadInputDataBit                    0x08008c03   Thumb Code    18  stm32f10x_gpio.o(.text)
    GPIO_ReadInputData                       0x08008c15   Thumb Code     8  stm32f10x_gpio.o(.text)
    GPIO_ReadOutputDataBit                   0x08008c1d   Thumb Code    18  stm32f10x_gpio.o(.text)
    GPIO_ReadOutputData                      0x08008c2f   Thumb Code     8  stm32f10x_gpio.o(.text)
    GPIO_SetBits                             0x08008c37   Thumb Code     4  stm32f10x_gpio.o(.text)
    GPIO_ResetBits                           0x08008c3b   Thumb Code     4  stm32f10x_gpio.o(.text)
    GPIO_WriteBit                            0x08008c3f   Thumb Code    10  stm32f10x_gpio.o(.text)
    GPIO_Write                               0x08008c49   Thumb Code     4  stm32f10x_gpio.o(.text)
    GPIO_PinLockConfig                       0x08008c4d   Thumb Code    18  stm32f10x_gpio.o(.text)
    GPIO_EventOutputConfig                   0x08008c5f   Thumb Code    26  stm32f10x_gpio.o(.text)
    GPIO_EventOutputCmd                      0x08008c79   Thumb Code     6  stm32f10x_gpio.o(.text)
    GPIO_PinRemapConfig                      0x08008c7f   Thumb Code   138  stm32f10x_gpio.o(.text)
    GPIO_EXTILineConfig                      0x08008d09   Thumb Code    66  stm32f10x_gpio.o(.text)
    GPIO_ETH_MediaInterfaceConfig            0x08008d4b   Thumb Code     8  stm32f10x_gpio.o(.text)
    RCC_DeInit                               0x08008d79   Thumb Code    64  stm32f10x_rcc.o(.text)
    RCC_HSEConfig                            0x08008db9   Thumb Code    70  stm32f10x_rcc.o(.text)
    RCC_GetFlagStatus                        0x08008dff   Thumb Code    56  stm32f10x_rcc.o(.text)
    RCC_WaitForHSEStartUp                    0x08008e37   Thumb Code    56  stm32f10x_rcc.o(.text)
    RCC_AdjustHSICalibrationValue            0x08008e6f   Thumb Code    20  stm32f10x_rcc.o(.text)
    RCC_HSICmd                               0x08008e83   Thumb Code     6  stm32f10x_rcc.o(.text)
    RCC_PLLConfig                            0x08008e89   Thumb Code    24  stm32f10x_rcc.o(.text)
    RCC_PLLCmd                               0x08008ea1   Thumb Code     6  stm32f10x_rcc.o(.text)
    RCC_SYSCLKConfig                         0x08008ea7   Thumb Code    18  stm32f10x_rcc.o(.text)
    RCC_GetSYSCLKSource                      0x08008eb9   Thumb Code    10  stm32f10x_rcc.o(.text)
    RCC_HCLKConfig                           0x08008ec3   Thumb Code    18  stm32f10x_rcc.o(.text)
    RCC_PCLK1Config                          0x08008ed5   Thumb Code    18  stm32f10x_rcc.o(.text)
    RCC_PCLK2Config                          0x08008ee7   Thumb Code    20  stm32f10x_rcc.o(.text)
    RCC_ITConfig                             0x08008efb   Thumb Code    26  stm32f10x_rcc.o(.text)
    RCC_USBCLKConfig                         0x08008f15   Thumb Code     8  stm32f10x_rcc.o(.text)
    RCC_ADCCLKConfig                         0x08008f1d   Thumb Code    18  stm32f10x_rcc.o(.text)
    RCC_LSEConfig                            0x08008f2f   Thumb Code    50  stm32f10x_rcc.o(.text)
    RCC_LSICmd                               0x08008f61   Thumb Code     6  stm32f10x_rcc.o(.text)
    RCC_RTCCLKConfig                         0x08008f67   Thumb Code    12  stm32f10x_rcc.o(.text)
    RCC_RTCCLKCmd                            0x08008f73   Thumb Code     8  stm32f10x_rcc.o(.text)
    RCC_GetClocksFreq                        0x08008f7b   Thumb Code   192  stm32f10x_rcc.o(.text)
    RCC_AHBPeriphClockCmd                    0x0800903b   Thumb Code    26  stm32f10x_rcc.o(.text)
    RCC_APB2PeriphClockCmd                   0x08009055   Thumb Code    26  stm32f10x_rcc.o(.text)
    RCC_APB1PeriphClockCmd                   0x0800906f   Thumb Code    26  stm32f10x_rcc.o(.text)
    RCC_APB2PeriphResetCmd                   0x08009089   Thumb Code    26  stm32f10x_rcc.o(.text)
    RCC_APB1PeriphResetCmd                   0x080090a3   Thumb Code    26  stm32f10x_rcc.o(.text)
    RCC_BackupResetCmd                       0x080090bd   Thumb Code     8  stm32f10x_rcc.o(.text)
    RCC_ClockSecuritySystemCmd               0x080090c5   Thumb Code     6  stm32f10x_rcc.o(.text)
    RCC_MCOConfig                            0x080090cb   Thumb Code     6  stm32f10x_rcc.o(.text)
    RCC_ClearFlag                            0x080090d1   Thumb Code    14  stm32f10x_rcc.o(.text)
    RCC_GetITStatus                          0x080090df   Thumb Code    20  stm32f10x_rcc.o(.text)
    RCC_ClearITPendingBit                    0x080090f3   Thumb Code     6  stm32f10x_rcc.o(.text)
    SPI_I2S_DeInit                           0x0800911d   Thumb Code    76  stm32f10x_spi.o(.text)
    SPI_Init                                 0x08009169   Thumb Code    60  stm32f10x_spi.o(.text)
    I2S_Init                                 0x080091a5   Thumb Code   226  stm32f10x_spi.o(.text)
    SPI_StructInit                           0x08009287   Thumb Code    24  stm32f10x_spi.o(.text)
    I2S_StructInit                           0x0800929f   Thumb Code    20  stm32f10x_spi.o(.text)
    SPI_Cmd                                  0x080092b3   Thumb Code    24  stm32f10x_spi.o(.text)
    I2S_Cmd                                  0x080092cb   Thumb Code    24  stm32f10x_spi.o(.text)
    SPI_I2S_ITConfig                         0x080092e3   Thumb Code    32  stm32f10x_spi.o(.text)
    SPI_I2S_DMACmd                           0x08009303   Thumb Code    18  stm32f10x_spi.o(.text)
    SPI_I2S_SendData                         0x08009315   Thumb Code     4  stm32f10x_spi.o(.text)
    SPI_I2S_ReceiveData                      0x08009319   Thumb Code     6  stm32f10x_spi.o(.text)
    SPI_NSSInternalSoftwareConfig            0x0800931f   Thumb Code    30  stm32f10x_spi.o(.text)
    SPI_SSOutputCmd                          0x0800933d   Thumb Code    24  stm32f10x_spi.o(.text)
    SPI_DataSizeConfig                       0x08009355   Thumb Code    18  stm32f10x_spi.o(.text)
    SPI_TransmitCRC                          0x08009367   Thumb Code    10  stm32f10x_spi.o(.text)
    SPI_CalculateCRC                         0x08009371   Thumb Code    24  stm32f10x_spi.o(.text)
    SPI_GetCRC                               0x08009389   Thumb Code    16  stm32f10x_spi.o(.text)
    SPI_GetCRCPolynomial                     0x08009399   Thumb Code     6  stm32f10x_spi.o(.text)
    SPI_BiDirectionalLineConfig              0x0800939f   Thumb Code    28  stm32f10x_spi.o(.text)
    SPI_I2S_GetFlagStatus                    0x080093bb   Thumb Code    18  stm32f10x_spi.o(.text)
    SPI_I2S_ClearFlag                        0x080093cd   Thumb Code     6  stm32f10x_spi.o(.text)
    SPI_I2S_GetITStatus                      0x080093d3   Thumb Code    52  stm32f10x_spi.o(.text)
    SPI_I2S_ClearITPendingBit                0x08009407   Thumb Code    20  stm32f10x_spi.o(.text)
    USART_DeInit                             0x08009429   Thumb Code   134  stm32f10x_usart.o(.text)
    USART_Init                               0x080094af   Thumb Code   210  stm32f10x_usart.o(.text)
    USART_StructInit                         0x08009581   Thumb Code    24  stm32f10x_usart.o(.text)
    USART_ClockInit                          0x08009599   Thumb Code    34  stm32f10x_usart.o(.text)
    USART_ClockStructInit                    0x080095bb   Thumb Code    12  stm32f10x_usart.o(.text)
    USART_Cmd                                0x080095c7   Thumb Code    24  stm32f10x_usart.o(.text)
    USART_ITConfig                           0x080095df   Thumb Code    74  stm32f10x_usart.o(.text)
    USART_DMACmd                             0x08009629   Thumb Code    18  stm32f10x_usart.o(.text)
    USART_SetAddress                         0x0800963b   Thumb Code    18  stm32f10x_usart.o(.text)
    USART_WakeUpConfig                       0x0800964d   Thumb Code    18  stm32f10x_usart.o(.text)
    USART_ReceiverWakeUpCmd                  0x0800965f   Thumb Code    24  stm32f10x_usart.o(.text)
    USART_LINBreakDetectLengthConfig         0x08009677   Thumb Code    18  stm32f10x_usart.o(.text)
    USART_LINCmd                             0x08009689   Thumb Code    24  stm32f10x_usart.o(.text)
    USART_SendData                           0x080096a1   Thumb Code     8  stm32f10x_usart.o(.text)
    USART_ReceiveData                        0x080096a9   Thumb Code    10  stm32f10x_usart.o(.text)
    USART_SendBreak                          0x080096b3   Thumb Code    10  stm32f10x_usart.o(.text)
    USART_SetGuardTime                       0x080096bd   Thumb Code    16  stm32f10x_usart.o(.text)
    USART_SetPrescaler                       0x080096cd   Thumb Code    16  stm32f10x_usart.o(.text)
    USART_SmartCardCmd                       0x080096dd   Thumb Code    24  stm32f10x_usart.o(.text)
    USART_SmartCardNACKCmd                   0x080096f5   Thumb Code    24  stm32f10x_usart.o(.text)
    USART_HalfDuplexCmd                      0x0800970d   Thumb Code    24  stm32f10x_usart.o(.text)
    USART_OverSampling8Cmd                   0x08009725   Thumb Code    22  stm32f10x_usart.o(.text)
    USART_OneBitMethodCmd                    0x0800973b   Thumb Code    24  stm32f10x_usart.o(.text)
    USART_IrDAConfig                         0x08009753   Thumb Code    18  stm32f10x_usart.o(.text)
    USART_IrDACmd                            0x08009765   Thumb Code    24  stm32f10x_usart.o(.text)
    USART_GetFlagStatus                      0x0800977d   Thumb Code    26  stm32f10x_usart.o(.text)
    USART_ClearFlag                          0x08009797   Thumb Code    18  stm32f10x_usart.o(.text)
    USART_GetITStatus                        0x080097a9   Thumb Code    84  stm32f10x_usart.o(.text)
    USART_ClearITPendingBit                  0x080097fd   Thumb Code    52  stm32f10x_usart.o(.text)
    TIM_DeInit                               0x08009831   Thumb Code   424  stm32f10x_tim.o(.text)
    TIM_TimeBaseInit                         0x080099d9   Thumb Code   122  stm32f10x_tim.o(.text)
    TIM_OC1Init                              0x08009a53   Thumb Code   132  stm32f10x_tim.o(.text)
    TIM_OC2Init                              0x08009ad7   Thumb Code   154  stm32f10x_tim.o(.text)
    TIM_OC3Init                              0x08009b71   Thumb Code   150  stm32f10x_tim.o(.text)
    TIM_OC4Init                              0x08009c07   Thumb Code   182  stm32f10x_tim.o(.text)
    TIM_SetIC4Prescaler                      0x08009cbd   Thumb Code    26  stm32f10x_tim.o(.text)
    TIM_SetIC3Prescaler                      0x08009d59   Thumb Code    18  stm32f10x_tim.o(.text)
    TIM_SetIC2Prescaler                      0x08009de5   Thumb Code    26  stm32f10x_tim.o(.text)
    TIM_SetIC1Prescaler                      0x08009e81   Thumb Code    18  stm32f10x_tim.o(.text)
    TIM_ICInit                               0x08009eff   Thumb Code   150  stm32f10x_tim.o(.text)
    TIM_PWMIConfig                           0x08009f95   Thumb Code   124  stm32f10x_tim.o(.text)
    TIM_BDTRConfig                           0x0800a011   Thumb Code    32  stm32f10x_tim.o(.text)
    TIM_TimeBaseStructInit                   0x0800a031   Thumb Code    18  stm32f10x_tim.o(.text)
    TIM_OCStructInit                         0x0800a043   Thumb Code    20  stm32f10x_tim.o(.text)
    TIM_ICStructInit                         0x0800a057   Thumb Code    18  stm32f10x_tim.o(.text)
    TIM_BDTRStructInit                       0x0800a069   Thumb Code    40  stm32f10x_tim.o(.text)
    TIM_Cmd                                  0x0800a091   Thumb Code    24  stm32f10x_tim.o(.text)
    TIM_CtrlPWMOutputs                       0x0800a0a9   Thumb Code    30  stm32f10x_tim.o(.text)
    TIM_ITConfig                             0x0800a0c7   Thumb Code    18  stm32f10x_tim.o(.text)
    TIM_GenerateEvent                        0x0800a0d9   Thumb Code     4  stm32f10x_tim.o(.text)
    TIM_DMAConfig                            0x0800a0dd   Thumb Code    10  stm32f10x_tim.o(.text)
    TIM_DMACmd                               0x0800a0e7   Thumb Code    18  stm32f10x_tim.o(.text)
    TIM_InternalClockConfig                  0x0800a0f9   Thumb Code    12  stm32f10x_tim.o(.text)
    TIM_SelectInputTrigger                   0x0800a105   Thumb Code    18  stm32f10x_tim.o(.text)
    TIM_ITRxExternalClockConfig              0x0800a117   Thumb Code    24  stm32f10x_tim.o(.text)
    TIM_TIxExternalClockConfig               0x0800a12f   Thumb Code    62  stm32f10x_tim.o(.text)
    TIM_ETRConfig                            0x0800a16d   Thumb Code    28  stm32f10x_tim.o(.text)
    TIM_ETRClockMode1Config                  0x0800a189   Thumb Code    54  stm32f10x_tim.o(.text)
    TIM_ETRClockMode2Config                  0x0800a1bf   Thumb Code    32  stm32f10x_tim.o(.text)
    TIM_PrescalerConfig                      0x0800a1df   Thumb Code     6  stm32f10x_tim.o(.text)
    TIM_CounterModeConfig                    0x0800a1e5   Thumb Code    18  stm32f10x_tim.o(.text)
    TIM_EncoderInterfaceConfig               0x0800a1f7   Thumb Code    66  stm32f10x_tim.o(.text)
    TIM_ForcedOC1Config                      0x0800a239   Thumb Code    18  stm32f10x_tim.o(.text)
    TIM_ForcedOC2Config                      0x0800a24b   Thumb Code    26  stm32f10x_tim.o(.text)
    TIM_ForcedOC3Config                      0x0800a265   Thumb Code    18  stm32f10x_tim.o(.text)
    TIM_ForcedOC4Config                      0x0800a277   Thumb Code    26  stm32f10x_tim.o(.text)
    TIM_ARRPreloadConfig                     0x0800a291   Thumb Code    24  stm32f10x_tim.o(.text)
    TIM_SelectCOM                            0x0800a2a9   Thumb Code    24  stm32f10x_tim.o(.text)
    TIM_SelectCCDMA                          0x0800a2c1   Thumb Code    24  stm32f10x_tim.o(.text)
    TIM_CCPreloadControl                     0x0800a2d9   Thumb Code    24  stm32f10x_tim.o(.text)
    TIM_OC1PreloadConfig                     0x0800a2f1   Thumb Code    18  stm32f10x_tim.o(.text)
    TIM_OC2PreloadConfig                     0x0800a303   Thumb Code    26  stm32f10x_tim.o(.text)
    TIM_OC3PreloadConfig                     0x0800a31d   Thumb Code    18  stm32f10x_tim.o(.text)
    TIM_OC4PreloadConfig                     0x0800a32f   Thumb Code    26  stm32f10x_tim.o(.text)
    TIM_OC1FastConfig                        0x0800a349   Thumb Code    18  stm32f10x_tim.o(.text)
    TIM_OC2FastConfig                        0x0800a35b   Thumb Code    26  stm32f10x_tim.o(.text)
    TIM_OC3FastConfig                        0x0800a375   Thumb Code    18  stm32f10x_tim.o(.text)
    TIM_OC4FastConfig                        0x0800a387   Thumb Code    26  stm32f10x_tim.o(.text)
    TIM_ClearOC1Ref                          0x0800a3a1   Thumb Code    18  stm32f10x_tim.o(.text)
    TIM_ClearOC2Ref                          0x0800a3b3   Thumb Code    24  stm32f10x_tim.o(.text)
    TIM_ClearOC3Ref                          0x0800a3cb   Thumb Code    18  stm32f10x_tim.o(.text)
    TIM_ClearOC4Ref                          0x0800a3dd   Thumb Code    24  stm32f10x_tim.o(.text)
    TIM_OC1PolarityConfig                    0x0800a3f5   Thumb Code    18  stm32f10x_tim.o(.text)
    TIM_OC1NPolarityConfig                   0x0800a407   Thumb Code    18  stm32f10x_tim.o(.text)
    TIM_OC2PolarityConfig                    0x0800a419   Thumb Code    26  stm32f10x_tim.o(.text)
    TIM_OC2NPolarityConfig                   0x0800a433   Thumb Code    26  stm32f10x_tim.o(.text)
    TIM_OC3PolarityConfig                    0x0800a44d   Thumb Code    26  stm32f10x_tim.o(.text)
    TIM_OC3NPolarityConfig                   0x0800a467   Thumb Code    26  stm32f10x_tim.o(.text)
    TIM_OC4PolarityConfig                    0x0800a481   Thumb Code    26  stm32f10x_tim.o(.text)
    TIM_CCxCmd                               0x0800a49b   Thumb Code    30  stm32f10x_tim.o(.text)
    TIM_CCxNCmd                              0x0800a4b9   Thumb Code    30  stm32f10x_tim.o(.text)
    TIM_SelectOCxM                           0x0800a4d7   Thumb Code    82  stm32f10x_tim.o(.text)
    TIM_UpdateDisableConfig                  0x0800a529   Thumb Code    24  stm32f10x_tim.o(.text)
    TIM_UpdateRequestConfig                  0x0800a541   Thumb Code    24  stm32f10x_tim.o(.text)
    TIM_SelectHallSensor                     0x0800a559   Thumb Code    24  stm32f10x_tim.o(.text)
    TIM_SelectOnePulseMode                   0x0800a571   Thumb Code    18  stm32f10x_tim.o(.text)
    TIM_SelectOutputTrigger                  0x0800a583   Thumb Code    18  stm32f10x_tim.o(.text)
    TIM_SelectSlaveMode                      0x0800a595   Thumb Code    18  stm32f10x_tim.o(.text)
    TIM_SelectMasterSlaveMode                0x0800a5a7   Thumb Code    18  stm32f10x_tim.o(.text)
    TIM_SetCounter                           0x0800a5b9   Thumb Code     4  stm32f10x_tim.o(.text)
    TIM_SetAutoreload                        0x0800a5bd   Thumb Code     4  stm32f10x_tim.o(.text)
    TIM_SetCompare1                          0x0800a5c1   Thumb Code     4  stm32f10x_tim.o(.text)
    TIM_SetCompare2                          0x0800a5c5   Thumb Code     4  stm32f10x_tim.o(.text)
    TIM_SetCompare3                          0x0800a5c9   Thumb Code     4  stm32f10x_tim.o(.text)
    TIM_SetCompare4                          0x0800a5cd   Thumb Code     6  stm32f10x_tim.o(.text)
    TIM_SetClockDivision                     0x0800a5d3   Thumb Code    18  stm32f10x_tim.o(.text)
    TIM_GetCapture1                          0x0800a5e5   Thumb Code     6  stm32f10x_tim.o(.text)
    TIM_GetCapture2                          0x0800a5eb   Thumb Code     6  stm32f10x_tim.o(.text)
    TIM_GetCapture3                          0x0800a5f1   Thumb Code     6  stm32f10x_tim.o(.text)
    TIM_GetCapture4                          0x0800a5f7   Thumb Code     8  stm32f10x_tim.o(.text)
    TIM_GetCounter                           0x0800a5ff   Thumb Code     6  stm32f10x_tim.o(.text)
    TIM_GetPrescaler                         0x0800a605   Thumb Code     6  stm32f10x_tim.o(.text)
    TIM_GetFlagStatus                        0x0800a60b   Thumb Code    18  stm32f10x_tim.o(.text)
    TIM_ClearFlag                            0x0800a61d   Thumb Code     6  stm32f10x_tim.o(.text)
    TIM_GetITStatus                          0x0800a623   Thumb Code    34  stm32f10x_tim.o(.text)
    TIM_ClearITPendingBit                    0x0800a645   Thumb Code     6  stm32f10x_tim.o(.text)
    DMA_DeInit                               0x0800a64d   Thumb Code   324  stm32f10x_dma.o(.text)
    DMA_Init                                 0x0800a791   Thumb Code    60  stm32f10x_dma.o(.text)
    DMA_StructInit                           0x0800a7cd   Thumb Code    26  stm32f10x_dma.o(.text)
    DMA_Cmd                                  0x0800a7e7   Thumb Code    24  stm32f10x_dma.o(.text)
    DMA_ITConfig                             0x0800a7ff   Thumb Code    18  stm32f10x_dma.o(.text)
    DMA_SetCurrDataCounter                   0x0800a811   Thumb Code     4  stm32f10x_dma.o(.text)
    DMA_GetCurrDataCounter                   0x0800a815   Thumb Code     8  stm32f10x_dma.o(.text)
    DMA_GetFlagStatus                        0x0800a81d   Thumb Code    40  stm32f10x_dma.o(.text)
    DMA_ClearFlag                            0x0800a845   Thumb Code    22  stm32f10x_dma.o(.text)
    DMA_GetITStatus                          0x0800a85b   Thumb Code    40  stm32f10x_dma.o(.text)
    DMA_ClearITPendingBit                    0x0800a883   Thumb Code    22  stm32f10x_dma.o(.text)
    SDIO_DeInit                              0x0800a8a1   Thumb Code    28  stm32f10x_sdio.o(.text)
    SDIO_Init                                0x0800a8bd   Thumb Code    42  stm32f10x_sdio.o(.text)
    SDIO_StructInit                          0x0800a8e7   Thumb Code    16  stm32f10x_sdio.o(.text)
    SDIO_ClockCmd                            0x0800a8f7   Thumb Code     6  stm32f10x_sdio.o(.text)
    SDIO_SetPowerState                       0x0800a8fd   Thumb Code    22  stm32f10x_sdio.o(.text)
    SDIO_GetPowerState                       0x0800a913   Thumb Code    10  stm32f10x_sdio.o(.text)
    SDIO_ITConfig                            0x0800a91d   Thumb Code    26  stm32f10x_sdio.o(.text)
    SDIO_DMACmd                              0x0800a937   Thumb Code     6  stm32f10x_sdio.o(.text)
    SDIO_SendCommand                         0x0800a93d   Thumb Code    38  stm32f10x_sdio.o(.text)
    SDIO_CmdStructInit                       0x0800a963   Thumb Code    14  stm32f10x_sdio.o(.text)
    SDIO_GetCommandResponse                  0x0800a971   Thumb Code     8  stm32f10x_sdio.o(.text)
    SDIO_GetResponse                         0x0800a979   Thumb Code    22  stm32f10x_sdio.o(.text)
    SDIO_DataConfig                          0x0800a98f   Thumb Code    42  stm32f10x_sdio.o(.text)
    SDIO_DataStructInit                      0x0800a9b9   Thumb Code    20  stm32f10x_sdio.o(.text)
    SDIO_GetDataCounter                      0x0800a9cd   Thumb Code     6  stm32f10x_sdio.o(.text)
    SDIO_ReadData                            0x0800a9d3   Thumb Code     8  stm32f10x_sdio.o(.text)
    SDIO_WriteData                           0x0800a9db   Thumb Code     8  stm32f10x_sdio.o(.text)
    SDIO_GetFIFOCount                        0x0800a9e3   Thumb Code     6  stm32f10x_sdio.o(.text)
    SDIO_StartSDIOReadWait                   0x0800a9e9   Thumb Code     8  stm32f10x_sdio.o(.text)
    SDIO_StopSDIOReadWait                    0x0800a9f1   Thumb Code     8  stm32f10x_sdio.o(.text)
    SDIO_SetSDIOReadWaitMode                 0x0800a9f9   Thumb Code     8  stm32f10x_sdio.o(.text)
    SDIO_SetSDIOOperation                    0x0800aa01   Thumb Code     8  stm32f10x_sdio.o(.text)
    SDIO_SendSDIOSuspendCmd                  0x0800aa09   Thumb Code     6  stm32f10x_sdio.o(.text)
    SDIO_CommandCompletionCmd                0x0800aa0f   Thumb Code     8  stm32f10x_sdio.o(.text)
    SDIO_CEATAITCmd                          0x0800aa17   Thumb Code    12  stm32f10x_sdio.o(.text)
    SDIO_SendCEATACmd                        0x0800aa23   Thumb Code     8  stm32f10x_sdio.o(.text)
    SDIO_GetFlagStatus                       0x0800aa2b   Thumb Code    20  stm32f10x_sdio.o(.text)
    SDIO_ClearFlag                           0x0800aa3f   Thumb Code     6  stm32f10x_sdio.o(.text)
    SDIO_GetITStatus                         0x0800aa45   Thumb Code    20  stm32f10x_sdio.o(.text)
    SDIO_ClearITPendingBit                   0x0800aa59   Thumb Code     6  stm32f10x_sdio.o(.text)
    mymemcpy                                 0x0800aa75   Thumb Code    26  malloc.o(.text)
    mymemset                                 0x0800aa8f   Thumb Code    20  malloc.o(.text)
    my_mem_init                              0x0800aaa3   Thumb Code    54  malloc.o(.text)
    my_mem_perused                           0x0800aad9   Thumb Code    54  malloc.o(.text)
    my_mem_malloc                            0x0800ab0f   Thumb Code   154  malloc.o(.text)
    my_mem_free                              0x0800aba9   Thumb Code    94  malloc.o(.text)
    myfree                                   0x0800ac07   Thumb Code    32  malloc.o(.text)
    mymalloc                                 0x0800ac27   Thumb Code    36  malloc.o(.text)
    myrealloc                                0x0800ac4b   Thumb Code    68  malloc.o(.text)
    disk_status                              0x0800aca1   Thumb Code     6  diskio.o(.text)
    disk_initialize                          0x0800aca7   Thumb Code    52  diskio.o(.text)
    disk_read                                0x0800acdb   Thumb Code   122  diskio.o(.text)
    disk_write                               0x0800ad55   Thumb Code   122  diskio.o(.text)
    disk_ioctl                               0x0800adcf   Thumb Code   170  diskio.o(.text)
    get_fattime                              0x0800ae79   Thumb Code     4  diskio.o(.text)
    ff_memalloc                              0x0800ae7d   Thumb Code    14  diskio.o(.text)
    ff_memfree                               0x0800ae8b   Thumb Code    14  diskio.o(.text)
    clust2sect                               0x0800b057   Thumb Code    26  ff.o(.text)
    get_fat                                  0x0800b071   Thumb Code   242  ff.o(.text)
    put_fat                                  0x0800b163   Thumb Code   322  ff.o(.text)
    dir_sdi                                  0x0800b419   Thumb Code   158  ff.o(.text)
    f_mount                                  0x0800c4a3   Thumb Code    86  ff.o(.text)
    f_open                                   0x0800c4f9   Thumb Code   384  ff.o(.text)
    f_read                                   0x0800c679   Thumb Code   450  ff.o(.text)
    f_write                                  0x0800c83b   Thumb Code   490  ff.o(.text)
    f_sync                                   0x0800ca25   Thumb Code   176  ff.o(.text)
    f_close                                  0x0800cad5   Thumb Code    32  ff.o(.text)
    f_lseek                                  0x0800caf5   Thumb Code   684  ff.o(.text)
    f_opendir                                0x0800cda1   Thumb Code   136  ff.o(.text)
    f_closedir                               0x0800ce29   Thumb Code    22  ff.o(.text)
    f_readdir                                0x0800ce3f   Thumb Code   114  ff.o(.text)
    f_stat                                   0x0800ceb1   Thumb Code    84  ff.o(.text)
    f_getfree                                0x0800cf05   Thumb Code   258  ff.o(.text)
    f_truncate                               0x0800d007   Thumb Code   184  ff.o(.text)
    f_unlink                                 0x0800d0bf   Thumb Code   190  ff.o(.text)
    f_mkdir                                  0x0800d17d   Thumb Code   380  ff.o(.text)
    f_chmod                                  0x0800d2f9   Thumb Code   112  ff.o(.text)
    f_rename                                 0x0800d369   Thumb Code   290  ff.o(.text)
    f_utime                                  0x0800d48b   Thumb Code   110  ff.o(.text)
    f_getlabel                               0x0800d4f9   Thumb Code   190  ff.o(.text)
    f_setlabel                               0x0800d5b7   Thumb Code   482  ff.o(.text)
    f_mkfs                                   0x0800d799   Thumb Code  1578  ff.o(.text)
    f_gets                                   0x0800ddc3   Thumb Code    82  ff.o(.text)
    f_putc                                   0x0800de59   Thumb Code    64  ff.o(.text)
    f_puts                                   0x0800de99   Thumb Code    74  ff.o(.text)
    f_printf                                 0x0800dee3   Thumb Code   674  ff.o(.text)
    exfuns_init                              0x0800e185   Thumb Code   114  exfuns.o(.text)
    char_upper                               0x0800e1f7   Thumb Code    26  exfuns.o(.text)
    f_typetell                               0x0800e211   Thumb Code   188  exfuns.o(.text)
    exf_getfree                              0x0800e2cd   Thumb Code    74  exfuns.o(.text)
    ff_convert                               0x0800e32d   Thumb Code   146  mycc936.o(.text)
    ff_wtoupper                              0x0800e3bf   Thumb Code    46  mycc936.o(.text)
    fupd_prog                                0x0800e3f9   Thumb Code   134  fontupd.o(.text)
    updata_fontx                             0x0800e47f   Thumb Code   346  fontupd.o(.text)
    update_font                              0x0800e5d9   Thumb Code   882  fontupd.o(.text)
    font_init                                0x0800e94b   Thumb Code    64  fontupd.o(.text)
    update_SDCard_fontx                      0x0800e98b   Thumb Code   270  fontupd.o(.text)
    update_SDCard_font                       0x0800ea99   Thumb Code   706  fontupd.o(.text)
    Get_HzMat                                0x0800ed8d   Thumb Code   220  text.o(.text)
    Show_Font                                0x0800ee69   Thumb Code   190  text.o(.text)
    Show_Str                                 0x0800ef27   Thumb Code   192  text.o(.text)
    Show_Str_Mid                             0x0800efe7   Thumb Code   106  text.o(.text)
    mp3_index_show                           0x0800f061   Thumb Code    64  mp3player.o(.text)
    mp3_vol_show                             0x0800f0a1   Thumb Code    46  mp3player.o(.text)
    mp3_msg_show                             0x0800f0cf   Thumb Code   378  mp3player.o(.text)
    mp3_get_tnum                             0x0800f249   Thumb Code   116  mp3player.o(.text)
    mp3_mode_show                            0x0800f2bd   Thumb Code   326  mp3player.o(.text)
    mp3_Control                              0x0800f403   Thumb Code   818  mp3player.o(.text)
    mp3_key                                  0x0800f735   Thumb Code   242  mp3player.o(.text)
    mp3_play_song                            0x0800f827   Thumb Code   288  mp3player.o(.text)
    mp3_play                                 0x0800f947   Thumb Code   636  mp3player.o(.text)
    __use_no_semihosting                     0x0800fc19   Thumb Code     2  use_no_semi_2.o(.text)
    __aeabi_ldivmod                          0x0800fc1b   Thumb Code     0  llsdiv.o(.text)
    _ll_sdiv                                 0x0800fc1b   Thumb Code    72  llsdiv.o(.text)
    __2printf                                0x0800fc65   Thumb Code    20  noretval__2printf.o(.text)
    __printf                                 0x0800fc7d   Thumb Code   104  __printf.o(.text)
    _printf_int_hex                          0x0800fce5   Thumb Code    84  _printf_hex_int.o(.text)
    _printf_longlong_hex                     0x0800fce5   Thumb Code     0  _printf_hex_int.o(.text)
    srand                                    0x0800fd3d   Thumb Code    42  rand.o(.text)
    _rand_init                               0x0800fd67   Thumb Code     4  rand.o(.text)
    strcpy                                   0x0800fd79   Thumb Code    72  strcpy.o(.text)
    strlen                                   0x0800fdc1   Thumb Code    62  strlen.o(.text)
    strcat                                   0x0800fdff   Thumb Code    24  strcat.o(.text)
    __aeabi_memcpy                           0x0800fe17   Thumb Code     0  rt_memcpy_v6.o(.text)
    __rt_memcpy                              0x0800fe17   Thumb Code   138  rt_memcpy_v6.o(.text)
    _memcpy_lastbytes                        0x0800fe7d   Thumb Code     0  rt_memcpy_v6.o(.text)
    strcmp                                   0x0800fea1   Thumb Code   128  strcmpv7m.o(.text)
    __use_two_region_memory                  0x0800ff21   Thumb Code     2  heapauxi.o(.text)
    __rt_heap_escrow$2region                 0x0800ff23   Thumb Code     2  heapauxi.o(.text)
    __rt_heap_expand$2region                 0x0800ff25   Thumb Code     2  heapauxi.o(.text)
    __I$use$semihosting                      0x0800ff27   Thumb Code     0  use_no_semi.o(.text)
    __use_no_semihosting_swi                 0x0800ff27   Thumb Code     2  use_no_semi.o(.text)
    __aeabi_uldivmod                         0x0800ff29   Thumb Code     0  lludivv7m.o(.text)
    _ll_udiv                                 0x0800ff29   Thumb Code   238  lludivv7m.o(.text)
    _printf_int_common                       0x08010017   Thumb Code   178  _printf_intcommon.o(.text)
    _printf_char_file                        0x080100c9   Thumb Code    32  _printf_char_file.o(.text)
    __aeabi_memcpy4                          0x080100ed   Thumb Code     0  rt_memcpy_w.o(.text)
    __aeabi_memcpy8                          0x080100ed   Thumb Code     0  rt_memcpy_w.o(.text)
    __rt_memcpy_w                            0x080100ed   Thumb Code   100  rt_memcpy_w.o(.text)
    _memcpy_lastbytes_aligned                0x08010135   Thumb Code     0  rt_memcpy_w.o(.text)
    _printf_char_common                      0x0801015b   Thumb Code    32  _printf_char_common.o(.text)
    ferror                                   0x08010181   Thumb Code     8  ferror.o(.text)
    __user_setup_stackheap                   0x08010189   Thumb Code    74  sys_stackheap_outer.o(.text)
    exit                                     0x080101d3   Thumb Code    12  exit.o(.text)
    __user_libspace                          0x080101e1   Thumb Code     8  libspace.o(.text)
    __user_perproc_libspace                  0x080101e1   Thumb Code     0  libspace.o(.text)
    __user_perthread_libspace                0x080101e1   Thumb Code     0  libspace.o(.text)
    __aeabi_d2uiz                            0x080101e9   Thumb Code     0  dfixu.o(x$fpl$dfixu)
    _dfixu                                   0x080101e9   Thumb Code    90  dfixu.o(x$fpl$dfixu)
    __aeabi_ui2d                             0x08010243   Thumb Code     0  dflt_clz.o(x$fpl$dfltu)
    _dfltu                                   0x08010243   Thumb Code    38  dflt_clz.o(x$fpl$dfltu)
    __aeabi_dmul                             0x08010269   Thumb Code     0  dmul.o(x$fpl$dmul)
    _dmul                                    0x08010269   Thumb Code   332  dmul.o(x$fpl$dmul)
    __fpl_dnaninf                            0x080103bd   Thumb Code   156  dnaninf.o(x$fpl$dnaninf)
    __fpl_dretinf                            0x08010459   Thumb Code    12  dretinf.o(x$fpl$dretinf)
    __fpl_fcmp_Inf                           0x08010465   Thumb Code    24  fcmpi.o(x$fpl$fcmpinf)
    __aeabi_fdiv                             0x0801047d   Thumb Code     0  fdiv.o(x$fpl$fdiv)
    _fdiv                                    0x0801047d   Thumb Code   384  fdiv.o(x$fpl$fdiv)
    __aeabi_cfcmpeq                          0x08010601   Thumb Code     0  feqf.o(x$fpl$feqf)
    _fcmpeq                                  0x08010601   Thumb Code   104  feqf.o(x$fpl$feqf)
    __aeabi_f2uiz                            0x08010669   Thumb Code     0  ffixu.o(x$fpl$ffixu)
    _ffixu                                   0x08010669   Thumb Code    62  ffixu.o(x$fpl$ffixu)
    __aeabi_ui2f                             0x080106a9   Thumb Code     0  fflt_clz.o(x$fpl$ffltu)
    _ffltu                                   0x080106a9   Thumb Code    38  fflt_clz.o(x$fpl$ffltu)
    __aeabi_fmul                             0x080106d1   Thumb Code     0  fmul.o(x$fpl$fmul)
    _fmul                                    0x080106d1   Thumb Code   258  fmul.o(x$fpl$fmul)
    __fpl_fnaninf                            0x080107d3   Thumb Code   140  fnaninf.o(x$fpl$fnaninf)
    __fpl_fretinf                            0x0801085f   Thumb Code    10  fretinf.o(x$fpl$fretinf)
    __I$use$fp                               0x08010868   Number         0  usenofp.o(x$fpl$usenofp)
    asc2_1206                                0x08010868   Data        1140  lcd.o(.constdata)
    asc2_1608                                0x08010cdc   Data        1520  lcd.o(.constdata)
    asc2_2412                                0x080112cc   Data        3420  lcd.o(.constdata)
    FLAC_PATH                                0x08012028   Data           4  vs10xx.o(.constdata)
    bitrate                                  0x0801202c   Data          64  vs10xx.o(.constdata)
    memtblsize                               0x0801206c   Data           8  malloc.o(.constdata)
    memblksize                               0x08012074   Data           8  malloc.o(.constdata)
    memsize                                  0x0801207c   Data           8  malloc.o(.constdata)
    FILE_TYPE_TBL                            0x080120c0   Data         312  exfuns.o(.constdata)
    GBK24_PATH                               0x080125b8   Data           4  fontupd.o(.constdata)
    GBK16_PATH                               0x080125bc   Data           4  fontupd.o(.constdata)
    GBK12_PATH                               0x080125c0   Data           4  fontupd.o(.constdata)
    UNIGBK_PATH                              0x080125c4   Data           4  fontupd.o(.constdata)
    Region$$Table$$Base                      0x080126d0   Number         0  anon$$obj.o(Region$$Table)
    Region$$Table$$Limit                     0x080126f0   Number         0  anon$$obj.o(Region$$Table)
    SystemCoreClock                          0x20000000   Data           4  system_stm32f10x.o(.data)
    AHBPrescTable                            0x20000004   Data          16  system_stm32f10x.o(.data)
    POINT_COLOR                              0x20000016   Data           2  lcd.o(.data)
    BACK_COLOR                               0x20000018   Data           2  lcd.o(.data)
    W25QXX_TYPE                              0x2000001a   Data           2  w25qxx.o(.data)
    TransferError                            0x20000026   Data           1  sdio_sdcard.o(.data)
    TransferEnd                              0x20000027   Data           1  sdio_sdcard.o(.data)
    tempbuff                                 0x20000028   Data           4  sdio_sdcard.o(.data)
    vsset                                    0x2000002c   Data           9  vs10xx.o(.data)
    FLACADDR                                 0x20000038   Data           4  vs10xx.o(.data)
    RmtSta                                   0x2000003c   Data           1  remote.o(.data)
    Dval                                     0x2000003e   Data           2  remote.o(.data)
    RmtRec                                   0x20000040   Data           4  remote.o(.data)
    RmtCnt                                   0x20000044   Data           1  remote.o(.data)
    __stdout                                 0x2000004c   Data           4  usart.o(.data)
    USART_RX_STA                             0x20000050   Data           2  usart.o(.data)
    mallco_dev                               0x20000068   Data          28  malloc.o(.data)
    FLASH_SECTOR_COUNT                       0x20000084   Data           2  diskio.o(.data)
    fs                                       0x20000094   Data           8  exfuns.o(.data)
    file                                     0x2000009c   Data           4  exfuns.o(.data)
    ftemp                                    0x200000a0   Data           4  exfuns.o(.data)
    br                                       0x200000a4   Data           4  exfuns.o(.data)
    bw                                       0x200000a8   Data           4  exfuns.o(.data)
    fatbuf                                   0x200000ac   Data           4  exfuns.o(.data)
    player_ctr                               0x200000b0   Data           4  mp3player.o(.data)
    f_kbps                                   0x200000b4   Data           2  mp3player.o(.data)
    lcddev                                   0x200000bc   Data          14  lcd.o(.bss)
    W25QXX_BUFFER                            0x200000ca   Data        4096  w25qxx.o(.bss)
    SDIO_InitStructure                       0x200010d0   Data          24  sdio_sdcard.o(.bss)
    SDIO_CmdInitStructure                    0x200010e8   Data          20  sdio_sdcard.o(.bss)
    SDIO_DataInitStructure                   0x200010fc   Data          24  sdio_sdcard.o(.bss)
    SDCardInfo                               0x20001138   Data          88  sdio_sdcard.o(.bss)
    SDIO_DATA_BUFFER                         0x20001190   Data         512  sdio_sdcard.o(.bss)
    flinfo                                   0x20001390   Data           9  vs10xx.o(.bss)
    USART_RX_BUF                             0x20001399   Data         200  usart.o(.bss)
    mem1base                                 0x20001480   Data       40960  malloc.o(.bss)
    mem1mapbase                              0x2000b480   Data        2560  malloc.o(.bss)
    ftinfo                                   0x2000be80   Data          33  fontupd.o(.bss)
    _random_number_data                      0x2000bea4   Data         228  rand.o(.bss)
    __libspace_start                         0x2000bf88   Data          96  libspace.o(.bss)
    __temporary_stack_top$libspace           0x2000bfe8   Data           0  libspace.o(.bss)
    mem2base                                 0x68000000   Data       983040  malloc.o(.ARM.__AT_0x68000000)
    mem2mapbase                              0x680f0000   Data       61440  malloc.o(.ARM.__AT_0x680F0000)



==============================================================================

Memory Map of the image

  Image Entry point : 0x08000131

  Load Region LR_IROM1 (Base: 0x08000000, Size: 0x000127ac, Max: 0x00080000, ABSOLUTE)

    Execution Region ER_IROM1 (Base: 0x08000000, Size: 0x000126f0, Max: 0x00080000, ABSOLUTE)

    Base Addr    Size         Type   Attr      Idx    E Section Name        Object

    0x08000000   0x00000130   Data   RO          457    RESET               startup_stm32f10x_hd.o
    0x08000130   0x00000008   Code   RO          835  * !!!main             c_w.l(__main.o)
    0x08000138   0x00000034   Code   RO         1059    !!!scatter          c_w.l(__scatter.o)
    0x0800016c   0x0000001a   Code   RO         1061    !!handler_copy      c_w.l(__scatter_copy.o)
    0x08000186   0x00000002   PAD
    0x08000188   0x0000001c   Code   RO         1063    !!handler_zi        c_w.l(__scatter_zi.o)
    0x080001a4   0x00000000   Code   RO          817    .ARM.Collect$$_printf_percent$$00000000  c_w.l(_printf_percent.o)
    0x080001a4   0x00000006   Code   RO          815    .ARM.Collect$$_printf_percent$$0000000C  c_w.l(_printf_x.o)
    0x080001aa   0x00000004   Code   RO          878    .ARM.Collect$$_printf_percent$$00000017  c_w.l(_printf_percent_end.o)
    0x080001ae   0x00000002   Code   RO          983    .ARM.Collect$$libinit$$00000000  c_w.l(libinit.o)
    0x080001b0   0x00000000   Code   RO          882    .ARM.Collect$$libinit$$00000002  c_w.l(libinit2.o)
    0x080001b0   0x00000000   Code   RO          884    .ARM.Collect$$libinit$$00000004  c_w.l(libinit2.o)
    0x080001b0   0x00000000   Code   RO          887    .ARM.Collect$$libinit$$0000000A  c_w.l(libinit2.o)
    0x080001b0   0x00000000   Code   RO          889    .ARM.Collect$$libinit$$0000000C  c_w.l(libinit2.o)
    0x080001b0   0x00000004   Code   RO          890    .ARM.Collect$$libinit$$0000000D  c_w.l(libinit2.o)
    0x080001b4   0x00000000   Code   RO          891    .ARM.Collect$$libinit$$0000000E  c_w.l(libinit2.o)
    0x080001b4   0x00000000   Code   RO          894    .ARM.Collect$$libinit$$00000011  c_w.l(libinit2.o)
    0x080001b4   0x00000000   Code   RO          896    .ARM.Collect$$libinit$$00000013  c_w.l(libinit2.o)
    0x080001b4   0x00000000   Code   RO          898    .ARM.Collect$$libinit$$00000015  c_w.l(libinit2.o)
    0x080001b4   0x00000000   Code   RO          900    .ARM.Collect$$libinit$$00000017  c_w.l(libinit2.o)
    0x080001b4   0x00000000   Code   RO          902    .ARM.Collect$$libinit$$00000019  c_w.l(libinit2.o)
    0x080001b4   0x00000000   Code   RO          904    .ARM.Collect$$libinit$$0000001B  c_w.l(libinit2.o)
    0x080001b4   0x00000000   Code   RO          906    .ARM.Collect$$libinit$$0000001D  c_w.l(libinit2.o)
    0x080001b4   0x00000000   Code   RO          908    .ARM.Collect$$libinit$$0000001F  c_w.l(libinit2.o)
    0x080001b4   0x00000000   Code   RO          910    .ARM.Collect$$libinit$$00000021  c_w.l(libinit2.o)
    0x080001b4   0x00000000   Code   RO          912    .ARM.Collect$$libinit$$00000023  c_w.l(libinit2.o)
    0x080001b4   0x00000000   Code   RO          914    .ARM.Collect$$libinit$$00000025  c_w.l(libinit2.o)
    0x080001b4   0x00000000   Code   RO          918    .ARM.Collect$$libinit$$0000002C  c_w.l(libinit2.o)
    0x080001b4   0x00000000   Code   RO          920    .ARM.Collect$$libinit$$0000002E  c_w.l(libinit2.o)
    0x080001b4   0x00000000   Code   RO          922    .ARM.Collect$$libinit$$00000030  c_w.l(libinit2.o)
    0x080001b4   0x00000000   Code   RO          924    .ARM.Collect$$libinit$$00000032  c_w.l(libinit2.o)
    0x080001b4   0x00000002   Code   RO          925    .ARM.Collect$$libinit$$00000033  c_w.l(libinit2.o)
    0x080001b6   0x00000002   Code   RO         1023    .ARM.Collect$$libshutdown$$00000000  c_w.l(libshutdown.o)
    0x080001b8   0x00000000   Code   RO         1030    .ARM.Collect$$libshutdown$$00000003  c_w.l(libshutdown2.o)
    0x080001b8   0x00000000   Code   RO         1033    .ARM.Collect$$libshutdown$$00000006  c_w.l(libshutdown2.o)
    0x080001b8   0x00000000   Code   RO         1036    .ARM.Collect$$libshutdown$$00000009  c_w.l(libshutdown2.o)
    0x080001b8   0x00000000   Code   RO         1038    .ARM.Collect$$libshutdown$$0000000B  c_w.l(libshutdown2.o)
    0x080001b8   0x00000000   Code   RO         1041    .ARM.Collect$$libshutdown$$0000000E  c_w.l(libshutdown2.o)
    0x080001b8   0x00000002   Code   RO         1042    .ARM.Collect$$libshutdown$$0000000F  c_w.l(libshutdown2.o)
    0x080001ba   0x00000000   Code   RO          869    .ARM.Collect$$rtentry$$00000000  c_w.l(__rtentry.o)
    0x080001ba   0x00000000   Code   RO          938    .ARM.Collect$$rtentry$$00000002  c_w.l(__rtentry2.o)
    0x080001ba   0x00000006   Code   RO          950    .ARM.Collect$$rtentry$$00000004  c_w.l(__rtentry4.o)
    0x080001c0   0x00000000   Code   RO          940    .ARM.Collect$$rtentry$$00000009  c_w.l(__rtentry2.o)
    0x080001c0   0x00000004   Code   RO          941    .ARM.Collect$$rtentry$$0000000A  c_w.l(__rtentry2.o)
    0x080001c4   0x00000000   Code   RO          943    .ARM.Collect$$rtentry$$0000000C  c_w.l(__rtentry2.o)
    0x080001c4   0x00000008   Code   RO          944    .ARM.Collect$$rtentry$$0000000D  c_w.l(__rtentry2.o)
    0x080001cc   0x00000002   Code   RO          989    .ARM.Collect$$rtexit$$00000000  c_w.l(rtexit.o)
    0x080001ce   0x00000000   Code   RO         1003    .ARM.Collect$$rtexit$$00000002  c_w.l(rtexit2.o)
    0x080001ce   0x00000004   Code   RO         1004    .ARM.Collect$$rtexit$$00000003  c_w.l(rtexit2.o)
    0x080001d2   0x00000006   Code   RO         1005    .ARM.Collect$$rtexit$$00000004  c_w.l(rtexit2.o)
    0x080001d8   0x00000034   Code   RO          818    .emb_text           c_w.l(rand.o)
    0x0800020c   0x00000280   Code   RO            1    .text               main.o
    0x0800048c   0x0000001a   Code   RO          175    .text               stm32f10x_it.o
    0x080004a6   0x00000002   PAD
    0x080004a8   0x000001e0   Code   RO          216    .text               system_stm32f10x.o
    0x08000688   0x0000004c   Code   RO          234    .text               led.o
    0x080006d4   0x000000fc   Code   RO          246    .text               key.o
    0x080007d0   0x00004a5c   Code   RO          259    .text               lcd.o
    0x0800522c   0x00000368   Code   RO          289    .text               w25qxx.o
    0x08005594   0x00001c30   Code   RO          311    .text               sdio_sdcard.o
    0x080071c4   0x00000204   Code   RO          337    .text               spi.o
    0x080073c8   0x00000a60   Code   RO          349    .text               vs10xx.o
    0x08007e28   0x000002ac   Code   RO          373    .text               remote.o
    0x080080d4   0x000000d4   Code   RO          391    .text               delay.o
    0x080081a8   0x0000000c   Code   RO          406    .text               sys.o
    0x080081b4   0x00000140   Code   RO          422    .text               usart.o
    0x080082f4   0x00000040   Code   RO          458    .text               startup_stm32f10x_hd.o
    0x08008334   0x000000dc   Code   RO          462    .text               misc.o
    0x08008410   0x0000060c   Code   RO          474    .text               stm32f10x_fsmc.o
    0x08008a1c   0x0000035c   Code   RO          486    .text               stm32f10x_gpio.o
    0x08008d78   0x000003a4   Code   RO          498    .text               stm32f10x_rcc.o
    0x0800911c   0x0000030c   Code   RO          512    .text               stm32f10x_spi.o
    0x08009428   0x00000408   Code   RO          524    .text               stm32f10x_usart.o
    0x08009830   0x00000e1a   Code   RO          536    .text               stm32f10x_tim.o
    0x0800a64a   0x00000002   PAD
    0x0800a64c   0x00000254   Code   RO          548    .text               stm32f10x_dma.o
    0x0800a8a0   0x000001d4   Code   RO          560    .text               stm32f10x_sdio.o
    0x0800aa74   0x0000022c   Code   RO          584    .text               malloc.o
    0x0800aca0   0x00000200   Code   RO          606    .text               diskio.o
    0x0800aea0   0x000032e4   Code   RO          624    .text               ff.o
    0x0800e184   0x000001a8   Code   RO          645    .text               exfuns.o
    0x0800e32c   0x000000cc   Code   RO          689    .text               mycc936.o
    0x0800e3f8   0x00000994   Code   RO          702    .text               fontupd.o
    0x0800ed8c   0x000002d4   Code   RO          726    .text               text.o
    0x0800f060   0x00000bb8   Code   RO          738    .text               mp3player.o
    0x0800fc18   0x00000002   Code   RO          758    .text               c_w.l(use_no_semi_2.o)
    0x0800fc1a   0x00000048   Code   RO          760    .text               c_w.l(llsdiv.o)
    0x0800fc62   0x00000002   PAD
    0x0800fc64   0x00000018   Code   RO          764    .text               c_w.l(noretval__2printf.o)
    0x0800fc7c   0x00000068   Code   RO          766    .text               c_w.l(__printf.o)
    0x0800fce4   0x00000058   Code   RO          775    .text               c_w.l(_printf_hex_int.o)
    0x0800fd3c   0x0000003c   Code   RO          819    .text               c_w.l(rand.o)
    0x0800fd78   0x00000048   Code   RO          823    .text               c_w.l(strcpy.o)
    0x0800fdc0   0x0000003e   Code   RO          825    .text               c_w.l(strlen.o)
    0x0800fdfe   0x00000018   Code   RO          827    .text               c_w.l(strcat.o)
    0x0800fe16   0x0000008a   Code   RO          829    .text               c_w.l(rt_memcpy_v6.o)
    0x0800fea0   0x00000080   Code   RO          831    .text               c_w.l(strcmpv7m.o)
    0x0800ff20   0x00000006   Code   RO          833    .text               c_w.l(heapauxi.o)
    0x0800ff26   0x00000002   Code   RO          867    .text               c_w.l(use_no_semi.o)
    0x0800ff28   0x000000ee   Code   RO          870    .text               c_w.l(lludivv7m.o)
    0x08010016   0x000000b2   Code   RO          872    .text               c_w.l(_printf_intcommon.o)
    0x080100c8   0x00000024   Code   RO          876    .text               c_w.l(_printf_char_file.o)
    0x080100ec   0x00000064   Code   RO          879    .text               c_w.l(rt_memcpy_w.o)
    0x08010150   0x00000030   Code   RO          956    .text               c_w.l(_printf_char_common.o)
    0x08010180   0x00000008   Code   RO          958    .text               c_w.l(ferror.o)
    0x08010188   0x0000004a   Code   RO          966    .text               c_w.l(sys_stackheap_outer.o)
    0x080101d2   0x0000000c   Code   RO          972    .text               c_w.l(exit.o)
    0x080101de   0x00000002   PAD
    0x080101e0   0x00000008   Code   RO          986    .text               c_w.l(libspace.o)
    0x080101e8   0x0000005a   Code   RO          837    x$fpl$dfixu         fz_ws.l(dfixu.o)
    0x08010242   0x00000026   Code   RO          841    x$fpl$dfltu         fz_ws.l(dflt_clz.o)
    0x08010268   0x00000154   Code   RO          847    x$fpl$dmul          fz_ws.l(dmul.o)
    0x080103bc   0x0000009c   Code   RO          926    x$fpl$dnaninf       fz_ws.l(dnaninf.o)
    0x08010458   0x0000000c   Code   RO          928    x$fpl$dretinf       fz_ws.l(dretinf.o)
    0x08010464   0x00000018   Code   RO          930    x$fpl$fcmpinf       fz_ws.l(fcmpi.o)
    0x0801047c   0x00000184   Code   RO          850    x$fpl$fdiv          fz_ws.l(fdiv.o)
    0x08010600   0x00000068   Code   RO          853    x$fpl$feqf          fz_ws.l(feqf.o)
    0x08010668   0x0000003e   Code   RO          855    x$fpl$ffixu         fz_ws.l(ffixu.o)
    0x080106a6   0x00000002   PAD
    0x080106a8   0x00000026   Code   RO          859    x$fpl$ffltu         fz_ws.l(fflt_clz.o)
    0x080106ce   0x00000002   PAD
    0x080106d0   0x00000102   Code   RO          865    x$fpl$fmul          fz_ws.l(fmul.o)
    0x080107d2   0x0000008c   Code   RO          932    x$fpl$fnaninf       fz_ws.l(fnaninf.o)
    0x0801085e   0x0000000a   Code   RO          934    x$fpl$fretinf       fz_ws.l(fretinf.o)
    0x08010868   0x00000000   Code   RO          936    x$fpl$usenofp       fz_ws.l(usenofp.o)
    0x08010868   0x000017c0   Data   RO          261    .constdata          lcd.o
    0x08012028   0x00000044   Data   RO          351    .constdata          vs10xx.o
    0x0801206c   0x00000018   Data   RO          588    .constdata          malloc.o
    0x08012084   0x0000003a   Data   RO          625    .constdata          ff.o
    0x080120be   0x00000002   PAD
    0x080120c0   0x00000138   Data   RO          647    .constdata          exfuns.o
    0x080121f8   0x000003c0   Data   RO          690    .constdata          mycc936.o
    0x080125b8   0x00000010   Data   RO          704    .constdata          fontupd.o
    0x080125c8   0x00000028   Data   RO          776    .constdata          c_w.l(_printf_hex_int.o)
    0x080125f0   0x0000001e   Data   RO          352    .conststring        vs10xx.o
    0x0801260e   0x00000002   PAD
    0x08012610   0x00000060   Data   RO          648    .conststring        exfuns.o
    0x08012670   0x0000005f   Data   RO          705    .conststring        fontupd.o
    0x080126cf   0x00000001   PAD
    0x080126d0   0x00000020   Data   RO         1057    Region$$Table       anon$$obj.o


    Execution Region RW_IRAM1 (Base: 0x20000000, Size: 0x0000c5e8, Max: 0x00010000, ABSOLUTE)

    Base Addr    Size         Type   Attr      Idx    E Section Name        Object

    0x20000000   0x00000014   Data   RW          217    .data               system_stm32f10x.o
    0x20000014   0x00000001   Data   RW          247    .data               key.o
    0x20000015   0x00000001   PAD
    0x20000016   0x00000004   Data   RW          262    .data               lcd.o
    0x2000001a   0x00000002   Data   RW          291    .data               w25qxx.o
    0x2000001c   0x00000010   Data   RW          313    .data               sdio_sdcard.o
    0x2000002c   0x00000010   Data   RW          353    .data               vs10xx.o
    0x2000003c   0x00000009   Data   RW          374    .data               remote.o
    0x20000045   0x00000001   PAD
    0x20000046   0x00000004   Data   RW          392    .data               delay.o
    0x2000004a   0x00000002   PAD
    0x2000004c   0x00000006   Data   RW          424    .data               usart.o
    0x20000052   0x00000014   Data   RW          499    .data               stm32f10x_rcc.o
    0x20000066   0x00000002   PAD
    0x20000068   0x0000001c   Data   RW          589    .data               malloc.o
    0x20000084   0x00000002   Data   RW          607    .data               diskio.o
    0x20000086   0x00000002   PAD
    0x20000088   0x0000000a   Data   RW          626    .data               ff.o
    0x20000092   0x00000002   PAD
    0x20000094   0x0000001c   Data   RW          649    .data               exfuns.o
    0x200000b0   0x0000000c   Data   RW          739    .data               mp3player.o
    0x200000bc   0x0000000e   Zero   RW          260    .bss                lcd.o
    0x200000ca   0x00001000   Zero   RW          290    .bss                w25qxx.o
    0x200010ca   0x00000006   PAD
    0x200010d0   0x000002c0   Zero   RW          312    .bss                sdio_sdcard.o
    0x20001390   0x00000009   Zero   RW          350    .bss                vs10xx.o
    0x20001399   0x000000c8   Zero   RW          423    .bss                usart.o
    0x20001461   0x0000001f   PAD
    0x20001480   0x0000aa00   Zero   RW          587    .bss                malloc.o
    0x2000be80   0x00000021   Zero   RW          703    .bss                fontupd.o
    0x2000bea1   0x00000003   PAD
    0x2000bea4   0x000000e4   Zero   RW          820    .bss                c_w.l(rand.o)
    0x2000bf88   0x00000060   Zero   RW          987    .bss                c_w.l(libspace.o)
    0x2000bfe8   0x00000200   Zero   RW          456    HEAP                startup_stm32f10x_hd.o
    0x2000c1e8   0x00000400   Zero   RW          455    STACK               startup_stm32f10x_hd.o



  Load Region LR$$.ARM.__AT_0x68000000 (Base: 0x68000000, Size: 0x00000000, Max: 0x000f0000, ABSOLUTE)

    Execution Region ER$$.ARM.__AT_0x68000000 (Base: 0x68000000, Size: 0x000f0000, Max: 0x000f0000, ABSOLUTE, UNINIT)

    Base Addr    Size         Type   Attr      Idx    E Section Name        Object

    0x68000000   0x000f0000   Zero   RW          585    .ARM.__AT_0x68000000  malloc.o



  Load Region LR$$.ARM.__AT_0x680F0000 (Base: 0x680f0000, Size: 0x00000000, Max: 0x0000f000, ABSOLUTE)

    Execution Region ER$$.ARM.__AT_0x680F0000 (Base: 0x680f0000, Size: 0x0000f000, Max: 0x0000f000, ABSOLUTE, UNINIT)

    Base Addr    Size         Type   Attr      Idx    E Section Name        Object

    0x680f0000   0x0000f000   Zero   RW          586    .ARM.__AT_0x680F0000  malloc.o


==============================================================================

Image component sizes


      Code (inc. data)   RO Data    RW Data    ZI Data      Debug   Object Name

       212         18          0          4          0        979   delay.o
       512          8          0          2          0       4070   diskio.o
       424         22        408         28          0       2624   exfuns.o
     13028        144         58         10          0      37062   ff.o
      2452        316        111          0         33       5199   fontupd.o
       252         12          0          1          0        808   key.o
     19036        162       6080          4         14      21534   lcd.o
        76          8          0          0          0        475   led.o
       640        202          0          0          0     290091   main.o
       556         18         24         28    1088000       4464   malloc.o
       220         22          0          0          0       1753   misc.o
      3000        266          0         12          0       5793   mp3player.o
       204         12        960          0          0       1557   mycc936.o
       684         28          0          9          0       1538   remote.o
      7216        256          0         16        704      24320   sdio_sdcard.o
       516         18          0          0          0       1832   spi.o
        64         26        304          0       1536        780   startup_stm32f10x_hd.o
       596          8          0          0          0       4282   stm32f10x_dma.o
      1548         18          0          0          0       5303   stm32f10x_fsmc.o
       860         38          0          0          0       5601   stm32f10x_gpio.o
        26          0          0          0          0       1158   stm32f10x_it.o
       932         36          0         20          0       8752   stm32f10x_rcc.o
       468         22          0          0          0       7044   stm32f10x_sdio.o
       780         14          0          0          0       6482   stm32f10x_spi.o
      3610         88          0          0          0      22084   stm32f10x_tim.o
      1032         22          0          0          0       8324   stm32f10x_usart.o
        12          0          0          0          0        595   sys.o
       480         38          0         20          0       1671   system_stm32f10x.o
       724         16          0          0          0       2908   text.o
       320         16          0          6        200       3082   usart.o
      2656        118         98         16          9       9852   vs10xx.o
       872         30          0          2       4096       4257   w25qxx.o

    ----------------------------------------------------------------------
     64012       2002       8080        188    1094632     496274   Object Totals
         0          0         32          0          0          0   (incl. Generated)
         4          0          5         10         40          0   (incl. Padding)

    ----------------------------------------------------------------------

      Code (inc. data)   RO Data    RW Data    ZI Data      Debug   Library Member Name

         8          0          0          0          0         68   __main.o
       104          0          0          0          0         84   __printf.o
         0          0          0          0          0          0   __rtentry.o
        12          0          0          0          0          0   __rtentry2.o
         6          0          0          0          0          0   __rtentry4.o
        52          8          0          0          0          0   __scatter.o
        26          0          0          0          0          0   __scatter_copy.o
        28          0          0          0          0          0   __scatter_zi.o
        48          6          0          0          0         96   _printf_char_common.o
        36          4          0          0          0         80   _printf_char_file.o
        88          4         40          0          0         88   _printf_hex_int.o
       178          0          0          0          0         88   _printf_intcommon.o
         0          0          0          0          0          0   _printf_percent.o
         4          0          0          0          0          0   _printf_percent_end.o
         6          0          0          0          0          0   _printf_x.o
        12          0          0          0          0         72   exit.o
         8          0          0          0          0         68   ferror.o
         6          0          0          0          0        152   heapauxi.o
         2          0          0          0          0          0   libinit.o
         6          0          0          0          0          0   libinit2.o
         2          0          0          0          0          0   libshutdown.o
         2          0          0          0          0          0   libshutdown2.o
         8          4          0          0         96         68   libspace.o
        72          0          0          0          0         76   llsdiv.o
       238          0          0          0          0        100   lludivv7m.o
        24          4          0          0          0         84   noretval__2printf.o
       112         18          0          0        228        160   rand.o
       138          0          0          0          0         68   rt_memcpy_v6.o
       100          0          0          0          0         80   rt_memcpy_w.o
         2          0          0          0          0          0   rtexit.o
        10          0          0          0          0          0   rtexit2.o
        24          0          0          0          0         68   strcat.o
       128          0          0          0          0         68   strcmpv7m.o
        72          0          0          0          0         80   strcpy.o
        62          0          0          0          0         76   strlen.o
        74          0          0          0          0         80   sys_stackheap_outer.o
         2          0          0          0          0         68   use_no_semi.o
         2          0          0          0          0         68   use_no_semi_2.o
        90          4          0          0          0         92   dfixu.o
        38          0          0          0          0         68   dflt_clz.o
       340         12          0          0          0        104   dmul.o
       156          4          0          0          0         92   dnaninf.o
        12          0          0          0          0         68   dretinf.o
        24          0          0          0          0         68   fcmpi.o
       388         76          0          0          0         96   fdiv.o
       104          4          0          0          0         84   feqf.o
        62          4          0          0          0         84   ffixu.o
        38          0          0          0          0         68   fflt_clz.o
       258          4          0          0          0         84   fmul.o
       140          4          0          0          0         84   fnaninf.o
        10          0          0          0          0         68   fretinf.o
         0          0          0          0          0          0   usenofp.o

    ----------------------------------------------------------------------
      3372        160         40          0        324       3000   Library Totals
        10          0          0          0          0          0   (incl. Padding)

    ----------------------------------------------------------------------

      Code (inc. data)   RO Data    RW Data    ZI Data      Debug   Library Name

      1702         48         40          0        324       1940   c_w.l
      1660        112          0          0          0       1060   fz_ws.l

    ----------------------------------------------------------------------
      3372        160         40          0        324       3000   Library Totals

    ----------------------------------------------------------------------

==============================================================================


      Code (inc. data)   RO Data    RW Data    ZI Data      Debug   

     67384       2162       8120        188    1094956     494798   Grand Totals
     67384       2162       8120        188    1094956     494798   ELF Image Totals
     67384       2162       8120        188          0          0   ROM Totals

==============================================================================

    Total RO  Size (Code + RO Data)                75504 (  73.73kB)
    Total RW  Size (RW Data + ZI Data)           1095144 (1069.48kB)
    Total ROM Size (Code + RO Data + RW Data)      75692 (  73.92kB)

==============================================================================

